Component: Arm Compiler for Embedded 6.22 Tool: armlink [5ee90200]

==============================================================================

Section Cross References

    main.o(.text.main) refers to systick_delay.o(.text.SysTick_Delay_Init) for SysTick_Delay_Init
    main.o(.text.main) refers to edubase_lcd.o(.text.EduBase_LCD_Init) for EduBase_LCD_Init
    main.o(.text.main) refers to pmod_enc.o(.text.PMOD_ENC_Init) for PMOD_ENC_Init
    main.o(.text.main) refers to main.o(.text.PMOD_ENC_Task) for PMOD_ENC_Task
    main.o(.text.main) refers to timer_0a_interrupt.o(.text.Timer_0A_Interrupt_Init) for Timer_0A_Interrupt_Init
    main.o(.text.main) refers to pmod_enc.o(.text.PMOD_ENC_Get_State) for PMOD_ENC_Get_State
    main.o(.text.main) refers to main.o(.bss.last_state) for last_state
    main.o(.text.main) refers to main.o(.data.heart_shape) for heart_shape
    main.o(.text.main) refers to edubase_lcd.o(.text.EduBase_LCD_Create_Custom_Character) for EduBase_LCD_Create_Custom_Character
    main.o(.text.main) refers to main.o(.data.right_arrow) for right_arrow
    main.o(.text.main) refers to main.o(.data.prev_main_menu_counter) for prev_main_menu_counter
    main.o(.text.main) refers to main.o(.bss.main_menu_counter) for main_menu_counter
    main.o(.text.main) refers to edubase_lcd.o(.text.EduBase_LCD_Clear_Display) for EduBase_LCD_Clear_Display
    main.o(.text.main) refers to edubase_lcd.o(.text.EduBase_LCD_Set_Cursor) for EduBase_LCD_Set_Cursor
    main.o(.text.main) refers to edubase_lcd.o(.text.EduBase_LCD_Display_Integer) for EduBase_LCD_Display_Integer
    main.o(.text.main) refers to systick_delay.o(.text.SysTick_Delay1ms) for SysTick_Delay1ms
    main.o(.ARM.exidx.text.main) refers to main.o(.text.main) for [Anonymous Symbol]
    main.o(.text.PMOD_ENC_Task) refers to pmod_enc.o(.text.PMOD_ENC_Get_State) for PMOD_ENC_Get_State
    main.o(.text.PMOD_ENC_Task) refers to main.o(.bss.state) for state
    main.o(.text.PMOD_ENC_Task) refers to pmod_enc.o(.text.PMOD_ENC_Button_Read) for PMOD_ENC_Button_Read
    main.o(.text.PMOD_ENC_Task) refers to main.o(.bss.last_state) for last_state
    main.o(.text.PMOD_ENC_Task) refers to main.o(.bss.pmod_enc_btn_pressed) for pmod_enc_btn_pressed
    main.o(.text.PMOD_ENC_Task) refers to main.o(.bss.main_menu_counter) for main_menu_counter
    main.o(.text.PMOD_ENC_Task) refers to pmod_enc.o(.text.PMOD_ENC_Get_Rotation) for PMOD_ENC_Get_Rotation
    main.o(.ARM.exidx.text.PMOD_ENC_Task) refers to main.o(.text.PMOD_ENC_Task) for [Anonymous Symbol]
    main.o(.text.Display_Main_Menu) refers to edubase_lcd.o(.text.EduBase_LCD_Set_Cursor) for EduBase_LCD_Set_Cursor
    main.o(.text.Display_Main_Menu) refers to edubase_lcd.o(.text.EduBase_LCD_Send_Data) for EduBase_LCD_Send_Data
    main.o(.text.Display_Main_Menu) refers to main.o(.rodata.str1.1) for .L.str
    main.o(.text.Display_Main_Menu) refers to edubase_lcd.o(.text.EduBase_LCD_Display_String) for EduBase_LCD_Display_String
    main.o(.ARM.exidx.text.Display_Main_Menu) refers to main.o(.text.Display_Main_Menu) for [Anonymous Symbol]
    main.o(.text.Process_Main_Menu_Selection) refers to main.o(.bss.pmod_enc_btn_pressed) for pmod_enc_btn_pressed
    main.o(.text.Process_Main_Menu_Selection) refers to main.o(.data.prev_main_menu_counter) for prev_main_menu_counter
    main.o(.text.Process_Main_Menu_Selection) refers to main.o(.bss.main_menu_counter) for main_menu_counter
    main.o(.text.Process_Main_Menu_Selection) refers to gpio.o(.rodata.EDUBASE_LED_ALL_OFF) for EDUBASE_LED_ALL_OFF
    main.o(.text.Process_Main_Menu_Selection) refers to gpio.o(.text.EduBase_LEDs_Output) for EduBase_LEDs_Output
    main.o(.text.Process_Main_Menu_Selection) refers to gpio.o(.rodata.EDUBASE_LED_ALL_ON) for EDUBASE_LED_ALL_ON
    main.o(.text.Process_Main_Menu_Selection) refers to systick_delay.o(.text.SysTick_Delay1ms) for SysTick_Delay1ms
    main.o(.text.Process_Main_Menu_Selection) refers to edubase_lcd.o(.text.EduBase_LCD_Diplay_Heart) for EduBase_LCD_Diplay_Heart
    main.o(.text.Process_Main_Menu_Selection) refers to edubase_lcd.o(.text.EduBase_LCD_Scroll_Display_Right) for EduBase_LCD_Scroll_Display_Right
    main.o(.text.Process_Main_Menu_Selection) refers to edubase_lcd.o(.text.EduBase_LCD_Enable_Display) for EduBase_LCD_Enable_Display
    main.o(.text.Process_Main_Menu_Selection) refers to edubase_lcd.o(.text.EduBase_LCD_Clear_Display) for EduBase_LCD_Clear_Display
    main.o(.text.Process_Main_Menu_Selection) refers to edubase_lcd.o(.text.EduBase_LCD_Set_Cursor) for EduBase_LCD_Set_Cursor
    main.o(.text.Process_Main_Menu_Selection) refers to main.o(.rodata.str1.1) for .L.str.5
    main.o(.text.Process_Main_Menu_Selection) refers to edubase_lcd.o(.text.EduBase_LCD_Display_String) for EduBase_LCD_Display_String
    main.o(.ARM.exidx.text.Process_Main_Menu_Selection) refers to main.o(.text.Process_Main_Menu_Selection) for [Anonymous Symbol]
[...]
    RTE/Device/TM4C123GH6PM/startup_TM4C123.s 0x00000000   Number         0  startup_tm4c123.o ABSOLUTE
    Seven_Segment_Display.c                  0x00000000   Number         0  seven_segment_display.o ABSOLUTE
    Stepper_Motor.c                          0x00000000   Number         0  stepper_motor.o ABSOLUTE
    SysTick_Delay.c                          0x00000000   Number         0  systick_delay.o ABSOLUTE
    Timer_0A_Interrupt.c                     0x00000000   Number         0  timer_0a_interrupt.o ABSOLUTE
    dc.s                                     0x00000000   Number         0  dc.o ABSOLUTE
    main.c                                   0x00000000   Number         0  main.o ABSOLUTE
    system_TM4C123.c                         0x00000000   Number         0  system_tm4c123.o ABSOLUTE
    RESET                                    0x00000000   Section      620  startup_tm4c123.o(RESET)
    !!!main                                  0x0000026c   Section        8  __main.o(!!!main)
    !!!scatter                               0x00000274   Section       92  __scatter.o(!!!scatter)
    !!handler_copy                           0x000002d0   Section       26  __scatter_copy.o(!!handler_copy)
    !!handler_null                           0x000002ec   Section        2  __scatter.o(!!handler_null)
    !!handler_zi                             0x000002f0   Section       28  __scatter_zi.o(!!handler_zi)
    .ARM.Collect$$_printf_percent$$00000000  0x0000030c   Section        0  _printf_percent.o(.ARM.Collect$$_printf_percent$$00000000)
    .ARM.Collect$$_printf_percent$$00000001  0x0000030c   Section        6  _printf_n.o(.ARM.Collect$$_printf_percent$$00000001)
    .ARM.Collect$$_printf_percent$$00000002  0x00000312   Section        6  _printf_p.o(.ARM.Collect$$_printf_percent$$00000002)
    .ARM.Collect$$_printf_percent$$00000003  0x00000318   Section        6  _printf_f.o(.ARM.Collect$$_printf_percent$$00000003)
    .ARM.Collect$$_printf_percent$$00000004  0x0000031e   Section        6  _printf_e.o(.ARM.Collect$$_printf_percent$$00000004)
    .ARM.Collect$$_printf_percent$$00000005  0x00000324   Section        6  _printf_g.o(.ARM.Collect$$_printf_percent$$00000005)
    .ARM.Collect$$_printf_percent$$00000006  0x0000032a   Section        6  _printf_a.o(.ARM.Collect$$_printf_percent$$00000006)
    .ARM.Collect$$_printf_percent$$00000007  0x00000330   Section       10  _printf_ll.o(.ARM.Collect$$_printf_percent$$00000007)
    .ARM.Collect$$_printf_percent$$00000008  0x0000033a   Section        6  _printf_i.o(.ARM.Collect$$_printf_percent$$00000008)
    .ARM.Collect$$_printf_percent$$00000009  0x00000340   Section        6  _printf_d.o(.ARM.Collect$$_printf_percent$$00000009)
    .ARM.Collect$$_printf_percent$$0000000A  0x00000346   Section        6  _printf_u.o(.ARM.Collect$$_printf_percent$$0000000A)
    .ARM.Collect$$_printf_percent$$0000000B  0x0000034c   Section        6  _printf_o.o(.ARM.Collect$$_printf_percent$$0000000B)
    .ARM.Collect$$_printf_percent$$0000000C  0x00000352   Section        6  _printf_x.o(.ARM.Collect$$_printf_percent$$0000000C)
    .ARM.Collect$$_printf_percent$$0000000D  0x00000358   Section        6  _printf_lli.o(.ARM.Collect$$_printf_percent$$0000000D)
    .ARM.Collect$$_printf_percent$$0000000E  0x0000035e   Section        6  _printf_lld.o(.ARM.Collect$$_printf_percent$$0000000E)
    .ARM.Collect$$_printf_percent$$0000000F  0x00000364   Section        6  _printf_llu.o(.ARM.Collect$$_printf_percent$$0000000F)
    .ARM.Collect$$_printf_percent$$00000010  0x0000036a   Section        6  _printf_llo.o(.ARM.Collect$$_printf_percent$$00000010)
    .ARM.Collect$$_printf_percent$$00000011  0x00000370   Section        6  _printf_llx.o(.ARM.Collect$$_printf_percent$$00000011)
    .ARM.Collect$$_printf_percent$$00000012  0x00000376   Section       10  _printf_l.o(.ARM.Collect$$_printf_percent$$00000012)
    .ARM.Collect$$_printf_percent$$00000013  0x00000380   Section        6  _printf_c.o(.ARM.Collect$$_printf_percent$$00000013)
    .ARM.Collect$$_printf_percent$$00000014  0x00000386   Section        6  _printf_s.o(.ARM.Collect$$_printf_percent$$00000014)
    .ARM.Collect$$_printf_percent$$00000015  0x0000038c   Section        6  _printf_lc.o(.ARM.Collect$$_printf_percent$$00000015)
    .ARM.Collect$$_printf_percent$$00000016  0x00000392   Section        6  _printf_ls.o(.ARM.Collect$$_printf_percent$$00000016)
    .ARM.Collect$$_printf_percent$$00000017  0x00000398   Section        4  _printf_percent_end.o(.ARM.Collect$$_printf_percent$$00000017)
    .ARM.Collect$$libinit$$00000000          0x0000039c   Section        2  libinit.o(.ARM.Collect$$libinit$$00000000)
    .ARM.Collect$$libinit$$00000001          0x0000039e   Section        4  libinit2.o(.ARM.Collect$$libinit$$00000001)
    .ARM.Collect$$libinit$$00000004          0x000003a2   Section        0  libinit2.o(.ARM.Collect$$libinit$$00000004)
    .ARM.Collect$$libinit$$00000006          0x000003a2   Section        0  libinit2.o(.ARM.Collect$$libinit$$00000006)
    .ARM.Collect$$libinit$$0000000C          0x000003a2   Section        0  libinit2.o(.ARM.Collect$$libinit$$0000000C)
    .ARM.Collect$$libinit$$0000000E          0x000003a2   Section        0  libinit2.o(.ARM.Collect$$libinit$$0000000E)
    .ARM.Collect$$libinit$$00000010          0x000003a2   Section        0  libinit2.o(.ARM.Collect$$libinit$$00000010)
    .ARM.Collect$$libinit$$00000011          0x000003a2   Section        6  libinit2.o(.ARM.Collect$$libinit$$00000011)
    .ARM.Collect$$libinit$$00000013          0x000003a8   Section        0  libinit2.o(.ARM.Collect$$libinit$$00000013)
    .ARM.Collect$$libinit$$00000014          0x000003a8   Section       12  libinit2.o(.ARM.Collect$$libinit$$00000014)
    .ARM.Collect$$libinit$$00000015          0x000003b4   Section        0  libinit2.o(.ARM.Collect$$libinit$$00000015)
    .ARM.Collect$$libinit$$00000017          0x000003b4   Section        0  libinit2.o(.ARM.Collect$$libinit$$00000017)
    .ARM.Collect$$libinit$$00000018          0x000003b4   Section       10  libinit2.o(.ARM.Collect$$libinit$$00000018)
    .ARM.Collect$$libinit$$00000019          0x000003be   Section        0  libinit2.o(.ARM.Collect$$libinit$$00000019)
    .ARM.Collect$$libinit$$0000001B          0x000003be   Section        0  libinit2.o(.ARM.Collect$$libinit$$0000001B)
    .ARM.Collect$$libinit$$0000001D          0x000003be   Section        0  libinit2.o(.ARM.Collect$$libinit$$0000001D)
    .ARM.Collect$$libinit$$0000001F          0x000003be   Section        0  libinit2.o(.ARM.Collect$$libinit$$0000001F)
    .ARM.Collect$$libinit$$00000021          0x000003be   Section        0  libinit2.o(.ARM.Collect$$libinit$$00000021)
    .ARM.Collect$$libinit$$00000023          0x000003be   Section        0  libinit2.o(.ARM.Collect$$libinit$$00000023)
    .ARM.Collect$$libinit$$00000025          0x000003be   Section        0  libinit2.o(.ARM.Collect$$libinit$$00000025)
    .ARM.Collect$$libinit$$00000027          0x000003be   Section        0  libinit2.o(.ARM.Collect$$libinit$$00000027)
    .ARM.Collect$$libinit$$0000002E          0x000003be   Section        0  libinit2.o(.ARM.Collect$$libinit$$0000002E)
    .ARM.Collect$$libinit$$00000030          0x000003be   Section        0  libinit2.o(.ARM.Collect$$libinit$$00000030)
    .ARM.Collect$$libinit$$00000032          0x000003be   Section        0  libinit2.o(.ARM.Collect$$libinit$$00000032)
    .ARM.Collect$$libinit$$00000034          0x000003be   Section        0  libinit2.o(.ARM.Collect$$libinit$$00000034)
    .ARM.Collect$$libinit$$00000035          0x000003be   Section        2  libinit2.o(.ARM.Collect$$libinit$$00000035)
    .ARM.Collect$$libshutdown$$00000000      0x000003c0   Section        2  libshutdown.o(.ARM.Collect$$libshutdown$$00000000)
    .ARM.Collect$$libshutdown$$00000002      0x000003c2   Section        0  libshutdown2.o(.ARM.Collect$$libshutdown$$00000002)
    .ARM.Collect$$libshutdown$$00000004      0x000003c2   Section        0  libshutdown2.o(.ARM.Collect$$libshutdown$$00000004)
    .ARM.Collect$$libshutdown$$00000007      0x000003c2   Section        0  libshutdown2.o(.ARM.Collect$$libshutdown$$00000007)
    .ARM.Collect$$libshutdown$$0000000A      0x000003c2   Section        0  libshutdown2.o(.ARM.Collect$$libshutdown$$0000000A)
    .ARM.Collect$$libshutdown$$0000000C      0x000003c2   Section        0  libshutdown2.o(.ARM.Collect$$libshutdown$$0000000C)
    .ARM.Collect$$libshutdown$$0000000F      0x000003c2   Section        0  libshutdown2.o(.ARM.Collect$$libshutdown$$0000000F)
    .ARM.Collect$$libshutdown$$00000010      0x000003c2   Section        2  libshutdown2.o(.ARM.Collect$$libshutdown$$00000010)
    .ARM.Collect$$rtentry$$00000000          0x000003c4   Section        0  __rtentry.o(.ARM.Collect$$rtentry$$00000000)
    .ARM.Collect$$rtentry$$00000002          0x000003c4   Section        0  __rtentry2.o(.ARM.Collect$$rtentry$$00000002)
    .ARM.Collect$$rtentry$$00000004          0x000003c4   Section        6  __rtentry4.o(.ARM.Collect$$rtentry$$00000004)
    .ARM.Collect$$rtentry$$00000009          0x000003ca   Section        0  __rtentry2.o(.ARM.Collect$$rtentry$$00000009)
    .ARM.Collect$$rtentry$$0000000A          0x000003ca   Section        4  __rtentry2.o(.ARM.Collect$$rtentry$$0000000A)
    .ARM.Collect$$rtentry$$0000000C          0x000003ce   Section        0  __rtentry2.o(.ARM.Collect$$rtentry$$0000000C)
    .ARM.Collect$$rtentry$$0000000D          0x000003ce   Section        8  __rtentry2.o(.ARM.Collect$$rtentry$$0000000D)
    .ARM.Collect$$rtexit$$00000000           0x000003d6   Section        2  rtexit.o(.ARM.Collect$$rtexit$$00000000)
    .ARM.Collect$$rtexit$$00000002           0x000003d8   Section        0  rtexit2.o(.ARM.Collect$$rtexit$$00000002)
    .ARM.Collect$$rtexit$$00000003           0x000003d8   Section        4  rtexit2.o(.ARM.Collect$$rtexit$$00000003)
    .ARM.Collect$$rtexit$$00000004           0x000003dc   Section        6  rtexit2.o(.ARM.Collect$$rtexit$$00000004)
    $v0                                      0x000003e4   Number         0  startup_tm4c123.o(.text)
    .text                                    0x000003e4   Section      280  startup_tm4c123.o(.text)
    .text                                    0x000004fc   Section        0  sprintf.o(.text)
    .text                                    0x00000528   Section        0  strlen.o(.text)
    .text                                    0x00000566   Section        0  heapauxi.o(.text)
    .text                                    0x0000056c   Section        0  _printf_pad.o(.text)
    .text                                    0x000005ba   Section        0  _printf_truncate.o(.text)
    .text                                    0x000005de   Section        0  _printf_str.o(.text)
    .text                                    0x00000630   Section        0  _printf_dec.o(.text)
    .text                                    0x000006a8   Section        0  _printf_charcount.o(.text)
    _printf_input_char                       0x000006d1   Thumb Code    10  _printf_char_common.o(.text)
    .text                                    0x000006d0   Section        0  _printf_char_common.o(.text)
    .text                                    0x00000700   Section        0  _sputc.o(.text)
    .text                                    0x0000070c   Section        0  _printf_wctomb.o(.text)
    .text                                    0x000007c8   Section        0  _printf_longlong_dec.o(.text)
    _printf_longlong_oct_internal            0x00000845   Thumb Code     0  _printf_oct_int_ll.o(.text)
    .text                                    0x00000844   Section        0  _printf_oct_int_ll.o(.text)
    _printf_hex_common                       0x000008b5   Thumb Code     0  _printf_hex_int_ll_ptr.o(.text)
    .text                                    0x000008b4   Section        0  _printf_hex_int_ll_ptr.o(.text)
    .text                                    0x00000948   Section        0  __printf_flags_ss_wp.o(.text)
    .text                                    0x00000ad0   Section      138  lludiv10.o(.text)
    .text                                    0x00000b5a   Section        0  _printf_intcommon.o(.text)
    _fp_digits                               0x00000c0d   Thumb Code   432  _printf_fp_dec.o(.text)
    .text                                    0x00000c0c   Section        0  _printf_fp_dec.o(.text)
    .text                                    0x00001028   Section        0  _printf_fp_hex.o(.text)
    .text                                    0x00001324   Section        0  _printf_char.o(.text)
    .text                                    0x00001350   Section        0  _printf_wchar.o(.text)
    .text                                    0x0000137c   Section        0  _c16rtomb.o(.text)
    .text                                    0x000013c4   Section       74  sys_stackheap_outer.o(.text)
    .text                                    0x00001410   Section       16  rt_ctype_table.o(.text)
    .text                                    0x00001420   Section        8  rt_locale_intlibspace.o(.text)
    .text                                    0x00001428   Section        0  _printf_fp_infnan.o(.text)
    .text                                    0x000014a8   Section        0  bigflt0.o(.text)
    .text                                    0x0000158c   Section        0  exit.o(.text)
    .text                                    0x000015a0   Section        8  libspace.o(.text)
    .text                                    0x000015a8   Section      124  strcmpv7em.o(.text)
    .text                                    0x00001624   Section        0  sys_exit.o(.text)
    .text                                    0x00001630   Section        2  use_no_semi.o(.text)
    .text                                    0x00001632   Section        0  indicate_semi.o(.text)
    [Anonymous Symbol]                       0x00001634   Section        0  edubase_lcd.o(.text.EduBase_LCD_Clear_Display)
    [Anonymous Symbol]                       0x00001640   Section        0  edubase_lcd.o(.text.EduBase_LCD_Create_Custom_Character)
    [Anonymous Symbol]                       0x0000168c   Section        0  edubase_lcd.o(.text.EduBase_LCD_Disable_Cursor)
    [Anonymous Symbol]                       0x000016ac   Section        0  edubase_lcd.o(.text.EduBase_LCD_Disable_Cursor_Blink)
    [Anonymous Symbol]                       0x000016cc   Section        0  edubase_lcd.o(.text.EduBase_LCD_Display_Integer)
    [Anonymous Symbol]                       0x000016f0   Section        0  edubase_lcd.o(.text.EduBase_LCD_Display_String)
    [Anonymous Symbol]                       0x00001728   Section        0  edubase_lcd.o(.text.EduBase_LCD_Enable_Display)
    [Anonymous Symbol]                       0x00001748   Section        0  edubase_lcd.o(.text.EduBase_LCD_Init)
    [Anonymous Symbol]                       0x000017b0   Section        0  edubase_lcd.o(.text.EduBase_LCD_Ports_Init)
    [Anonymous Symbol]                       0x00001888   Section        0  edubase_lcd.o(.text.EduBase_LCD_Pulse_Enable)
    [Anonymous Symbol]                       0x000018c4   Section        0  edubase_lcd.o(.text.EduBase_LCD_Return_Home)
    [Anonymous Symbol]                       0x000018d0   Section        0  edubase_lcd.o(.text.EduBase_LCD_Send_Command)
    [Anonymous Symbol]                       0x00001918   Section        0  edubase_lcd.o(.text.EduBase_LCD_Send_Data)
    [Anonymous Symbol]                       0x00001944   Section        0  edubase_lcd.o(.text.EduBase_LCD_Set_Cursor)
    [Anonymous Symbol]                       0x00001994   Section        0  edubase_lcd.o(.text.EduBase_LCD_Write_4_Bits)
    [Anonymous Symbol]                       0x00001a08   Section        0  pmod_btn_interrupt.o(.text.GPIOA_Handler)
    [Anonymous Symbol]                       0x00001a48   Section        0  edubase_button_interrupt.o(.text.GPIOD_Handler)
    [Anonymous Symbol]                       0x00001a88   Section        0  gpio.o(.text.Get_EduBase_Button_Status)
    [Anonymous Symbol]                       0x00001aa4   Section        0  pmod_btn_interrupt.o(.text.PMOD_BTN_Read)
    [Anonymous Symbol]                       0x00001ac0   Section        0  pmod_enc.o(.text.PMOD_ENC_Button_Read)
    [Anonymous Symbol]                       0x00001ad4   Section        0  pmod_enc.o(.text.PMOD_ENC_Get_Rotation)
    [Anonymous Symbol]                       0x00001b18   Section        0  pmod_enc.o(.text.PMOD_ENC_Get_State)
    [Anonymous Symbol]                       0x00001b34   Section        0  pmod_enc.o(.text.PMOD_ENC_Init)
    [Anonymous Symbol]                       0x00001b78   Section        0  main.o(.text.PMOD_ENC_Task)
    [Anonymous Symbol]                       0x00001c40   Section        0  systick_delay.o(.text.SysTick_Delay1ms)
    [Anonymous Symbol]                       0x00001c8c   Section        0  systick_delay.o(.text.SysTick_Delay1us)
    [Anonymous Symbol]                       0x00001cb8   Section        0  systick_delay.o(.text.SysTick_Delay_Init)
    [Anonymous Symbol]                       0x00001ce4   Section        0  systick_delay.o(.text.SysTick_Handler)
    [Anonymous Symbol]                       0x00001d2c   Section        0  system_tm4c123.o(.text.SystemInit)
    [Anonymous Symbol]                       0x00001e38   Section        0  timer_0a_interrupt.o(.text.TIMER0A_Handler)
    [Anonymous Symbol]                       0x00001e68   Section        0  timer_0a_interrupt.o(.text.Timer_0A_Interrupt_Init)
    [Anonymous Symbol]                       0x00001f14   Section        0  main.o(.text.main)
    CL$$btod_d2e                             0x00001fb2   Section       62  btod.o(CL$$btod_d2e)
    CL$$btod_d2e_denorm_low                  0x00001ff0   Section       70  btod.o(CL$$btod_d2e_denorm_low)
    CL$$btod_d2e_norm_op1                    0x00002036   Section       96  btod.o(CL$$btod_d2e_norm_op1)
    CL$$btod_div_common                      0x00002098   Section      824  btod.o(CL$$btod_div_common)
    CL$$btod_e2e                             0x000023d0   Section      220  btod.o(CL$$btod_e2e)
    CL$$btod_ediv                            0x000024ac   Section       42  btod.o(CL$$btod_ediv)
    CL$$btod_emul                            0x000024d6   Section       42  btod.o(CL$$btod_emul)
    CL$$btod_mult_common                     0x00002500   Section      580  btod.o(CL$$btod_mult_common)
    i.__ARM_fpclassify                       0x00002744   Section        0  fpclassify.o(i.__ARM_fpclassify)
    i._is_digit                              0x00002774   Section        0  __printf_wp.o(i._is_digit)
    locale$$code                             0x00002784   Section       44  lc_numeric_c.o(locale$$code)
    locale$$code                             0x000027b0   Section       44  lc_ctype_c.o(locale$$code)
    $v0                                      0x000027dc   Number         0  fpinit.o(x$fpl$fpinit)
    x$fpl$fpinit                             0x000027dc   Section       26  fpinit.o(x$fpl$fpinit)
    $v0                                      0x000027f6   Number         0  printf1.o(x$fpl$printf1)
    x$fpl$printf1                            0x000027f6   Section        4  printf1.o(x$fpl$printf1)
    $v0                                      0x000027fa   Number         0  printf2.o(x$fpl$printf2)
    x$fpl$printf2                            0x000027fa   Section        4  printf2.o(x$fpl$printf2)
    x$fpl$usenofp                            0x000027fe   Section        0  usenofp.o(x$fpl$usenofp)
    initial_mbstate                          0x00002800   Data           8  _printf_wctomb.o(.constdata)
    .constdata                               0x00002800   Section        8  _printf_wctomb.o(.constdata)
    uc_hextab                                0x00002808   Data          20  _printf_hex_int_ll_ptr.o(.constdata)
    .constdata                               0x00002808   Section       40  _printf_hex_int_ll_ptr.o(.constdata)
    lc_hextab                                0x0000281c   Data          20  _printf_hex_int_ll_ptr.o(.constdata)
    maptable                                 0x00002830   Data          17  __printf_flags_ss_wp.o(.constdata)
    .constdata                               0x00002830   Section       17  __printf_flags_ss_wp.o(.constdata)
    lc_hextab                                0x00002841   Data          19  _printf_fp_hex.o(.constdata)
    .constdata                               0x00002841   Section       38  _printf_fp_hex.o(.constdata)
    uc_hextab                                0x00002854   Data          19  _printf_fp_hex.o(.constdata)
    tenpwrs_x                                0x00002868   Data          60  bigflt0.o(.constdata)
    .constdata                               0x00002868   Section      148  bigflt0.o(.constdata)
    tenpwrs_i                                0x000028a4   Data          64  bigflt0.o(.constdata)
    .L.str                                   0x000028fc   Data           3  edubase_lcd.o(.rodata.str1.1)
    [Anonymous Symbol]                       0x000028fc   Section        0  edubase_lcd.o(.rodata.str1.1)
    .L.str.1                                 0x000028ff   Data           5  edubase_lcd.o(.rodata.str1.1)
    locale$$data                             0x00002924   Section       28  lc_numeric_c.o(locale$$data)
    __lcnum_c_name                           0x00002928   Data           2  lc_numeric_c.o(locale$$data)
    __lcnum_c_start                          0x00002930   Data           0  lc_numeric_c.o(locale$$data)
    __lcnum_c_point                          0x0000293c   Data           0  lc_numeric_c.o(locale$$data)
    __lcnum_c_thousands                      0x0000293e   Data           0  lc_numeric_c.o(locale$$data)
    __lcnum_c_grouping                       0x0000293f   Data           0  lc_numeric_c.o(locale$$data)
    __lcnum_c_end                            0x00002940   Data           0  lc_numeric_c.o(locale$$data)
    locale$$data                             0x00002940   Section      272  lc_ctype_c.o(locale$$data)
    __lcctype_c_name                         0x00002944   Data           2  lc_ctype_c.o(locale$$data)
    __lcctype_c_start                        0x0000294c   Data           0  lc_ctype_c.o(locale$$data)
    __lcctype_c_end                          0x00002a50   Data           0  lc_ctype_c.o(locale$$data)
    heart_shape                              0x20000000   Data           8  main.o(.data.heart_shape)
    [Anonymous Symbol]                       0x20000000   Section        0  main.o(.data.heart_shape)
    prev_main_menu_counter                   0x20000008   Data           4  main.o(.data.prev_main_menu_counter)
    [Anonymous Symbol]                       0x20000008   Section        0  main.o(.data.prev_main_menu_counter)
    right_arrow                              0x2000000c   Data           8  main.o(.data.right_arrow)
    [Anonymous Symbol]                       0x2000000c   Section        0  main.o(.data.right_arrow)
    .bss                                     0x20000018   Section       96  libspace.o(.bss)
    display_control                          0x20000084   Data           1  edubase_lcd.o(.bss.display_control)
    [Anonymous Symbol]                       0x20000084   Section        0  edubase_lcd.o(.bss.display_control)
    last_state                               0x20000085   Data           1  main.o(.bss.last_state)
    [Anonymous Symbol]                       0x20000085   Section        0  main.o(.bss.last_state)
    main_menu_counter                        0x20000088   Data           4  main.o(.bss.main_menu_counter)
    [Anonymous Symbol]                       0x20000088   Section        0  main.o(.bss.main_menu_counter)
    ms_active                                0x2000008c   Data           1  systick_delay.o(.bss.ms_active)
    [Anonymous Symbol]                       0x2000008c   Section        0  systick_delay.o(.bss.ms_active)
    ms_elapsed                               0x20000090   Data           4  systick_delay.o(.bss.ms_elapsed)
    [Anonymous Symbol]                       0x20000090   Section        0  systick_delay.o(.bss.ms_elapsed)
    pmod_enc_btn_pressed                     0x20000094   Data           1  main.o(.bss.pmod_enc_btn_pressed)
    [Anonymous Symbol]                       0x20000094   Section        0  main.o(.bss.pmod_enc_btn_pressed)
    state                                    0x20000095   Data           1  main.o(.bss.state)
    [Anonymous Symbol]                       0x20000095   Section        0  main.o(.bss.state)
    us_elapsed                               0x20000098   Data           4  systick_delay.o(.bss.us_elapsed)
    [Anonymous Symbol]                       0x20000098   Section        0  systick_delay.o(.bss.us_elapsed)
    Heap_Mem                                 0x200000a0   Data        1024  startup_tm4c123.o(HEAP)
    HEAP                                     0x200000a0   Section     1024  startup_tm4c123.o(HEAP)
    Stack_Mem                                0x200004a0   Data        2048  startup_tm4c123.o(STACK)
    STACK                                    0x200004a0   Section     2048  startup_tm4c123.o(STACK)
    __initial_sp                             0x20000ca0   Data           0  startup_tm4c123.o(STACK)

    Global Symbols

    Symbol Name                              Value     Ov Type        Size  Object(Section)

    BuildAttributes$$THM_ISAv4$E$P$D$K$B$S$7EM$VFPi3$EXTD16$VFPS$VFMA$PE$A:L22UL41UL21$X:L11$S22US41US21$IEEE1$IW$~IW$USESV6$~STKCKD$USESV7$~SHL$OTIME$ROPI$IEEEJ$EBA8$UX$STANDARDLIB$REQ8$PRES8$EABIv2 0x00000000   Number         0  anon$$obj.o ABSOLUTE
    __Vectors                                0x00000000   Data           4  startup_tm4c123.o(RESET)
    _printf_flags                            0x00000000   Number         0  printf_stubs.o ABSOLUTE
    _printf_return_value                     0x00000000   Number         0  printf_stubs.o ABSOLUTE
    _printf_sizespec                         0x00000000   Number         0  printf_stubs.o ABSOLUTE
    _printf_widthprec                        0x00000000   Number         0  printf_stubs.o ABSOLUTE
    __ARM_exceptions_init                     - Undefined Weak Reference
    __alloca_initialize                       - Undefined Weak Reference
    __arm_preinit_                            - Undefined Weak Reference
    __arm_relocate_pie_                       - Undefined Weak Reference
    __cpp_initialize__aeabi_                  - Undefined Weak Reference
    __cxa_finalize                            - Undefined Weak Reference
    __sigvec_lookup                           - Undefined Weak Reference
    _atexit_init                              - Undefined Weak Reference
    _call_atexit_fns                          - Undefined Weak Reference
    _clock_init                               - Undefined Weak Reference
    _fp_trap_init                             - Undefined Weak Reference
    _fp_trap_shutdown                         - Undefined Weak Reference
    _get_lc_collate                           - Undefined Weak Reference
    _get_lc_monetary                          - Undefined Weak Reference
    _get_lc_time                              - Undefined Weak Reference
    _getenv_init                              - Undefined Weak Reference
    _handle_redirection                       - Undefined Weak Reference
    _init_alloc                               - Undefined Weak Reference
    _init_user_alloc                          - Undefined Weak Reference
    _initio                                   - Undefined Weak Reference
    _printf_mbtowc                            - Undefined Weak Reference
    _printf_wc                                - Undefined Weak Reference
    _rand_init                                - Undefined Weak Reference
    _signal_finish                            - Undefined Weak Reference
    _signal_init                              - Undefined Weak Reference
    _terminate_alloc                          - Undefined Weak Reference
    _terminate_user_alloc                     - Undefined Weak Reference
    _terminateio                              - Undefined Weak Reference
    __Vectors_End                            0x0000026c   Data           0  startup_tm4c123.o(RESET)
    __Vectors_Size                           0x0000026c   Number         0  startup_tm4c123.o ABSOLUTE
    __main                                   0x0000026d   Thumb Code     8  __main.o(!!!main)
    __scatterload                            0x00000275   Thumb Code     0  __scatter.o(!!!scatter)
    __scatterload_rt2                        0x00000275   Thumb Code    84  __scatter.o(!!!scatter)
    __scatterload_rt2_thumb_only             0x00000275   Thumb Code     0  __scatter.o(!!!scatter)
    __scatterload_loop                       0x0000027f   Thumb Code     0  __scatter.o(!!!scatter)
    __scatterload_copy                       0x000002d1   Thumb Code    26  __scatter_copy.o(!!handler_copy)
    __scatterload_null                       0x000002ed   Thumb Code     2  __scatter.o(!!handler_null)
    __scatterload_zeroinit                   0x000002f1   Thumb Code    28  __scatter_zi.o(!!handler_zi)
    _printf_n                                0x0000030d   Thumb Code     0  _printf_n.o(.ARM.Collect$$_printf_percent$$00000001)
    _printf_percent                          0x0000030d   Thumb Code     0  _printf_percent.o(.ARM.Collect$$_printf_percent$$00000000)
    _printf_p                                0x00000313   Thumb Code     0  _printf_p.o(.ARM.Collect$$_printf_percent$$00000002)
    _printf_f                                0x00000319   Thumb Code     0  _printf_f.o(.ARM.Collect$$_printf_percent$$00000003)
    _printf_e                                0x0000031f   Thumb Code     0  _printf_e.o(.ARM.Collect$$_printf_percent$$00000004)
    _printf_g                                0x00000325   Thumb Code     0  _printf_g.o(.ARM.Collect$$_printf_percent$$00000005)
    _printf_a                                0x0000032b   Thumb Code     0  _printf_a.o(.ARM.Collect$$_printf_percent$$00000006)
    _printf_ll                               0x00000331   Thumb Code     0  _printf_ll.o(.ARM.Collect$$_printf_percent$$00000007)
    _printf_i                                0x0000033b   Thumb Code     0  _printf_i.o(.ARM.Collect$$_printf_percent$$00000008)
    _printf_d                                0x00000341   Thumb Code     0  _printf_d.o(.ARM.Collect$$_printf_percent$$00000009)
    _printf_u                                0x00000347   Thumb Code     0  _printf_u.o(.ARM.Collect$$_printf_percent$$0000000A)
    _printf_o                                0x0000034d   Thumb Code     0  _printf_o.o(.ARM.Collect$$_printf_percent$$0000000B)
    _printf_x                                0x00000353   Thumb Code     0  _printf_x.o(.ARM.Collect$$_printf_percent$$0000000C)
    _printf_lli                              0x00000359   Thumb Code     0  _printf_lli.o(.ARM.Collect$$_printf_percent$$0000000D)
    _printf_lld                              0x0000035f   Thumb Code     0  _printf_lld.o(.ARM.Collect$$_printf_percent$$0000000E)
    _printf_llu                              0x00000365   Thumb Code     0  _printf_llu.o(.ARM.Collect$$_printf_percent$$0000000F)
    _printf_llo                              0x0000036b   Thumb Code     0  _printf_llo.o(.ARM.Collect$$_printf_percent$$00000010)
    _printf_llx                              0x00000371   Thumb Code     0  _printf_llx.o(.ARM.Collect$$_printf_percent$$00000011)
    _printf_l                                0x00000377   Thumb Code     0  _printf_l.o(.ARM.Collect$$_printf_percent$$00000012)
    _printf_c                                0x00000381   Thumb Code     0  _printf_c.o(.ARM.Collect$$_printf_percent$$00000013)
    _printf_s                                0x00000387   Thumb Code     0  _printf_s.o(.ARM.Collect$$_printf_percent$$00000014)
    _printf_lc                               0x0000038d   Thumb Code     0  _printf_lc.o(.ARM.Collect$$_printf_percent$$00000015)
    _printf_ls                               0x00000393   Thumb Code     0  _printf_ls.o(.ARM.Collect$$_printf_percent$$00000016)
    _printf_percent_end                      0x00000399   Thumb Code     0  _printf_percent_end.o(.ARM.Collect$$_printf_percent$$00000017)
    __rt_lib_init                            0x0000039d   Thumb Code     0  libinit.o(.ARM.Collect$$libinit$$00000000)
    __rt_lib_init_fp_1                       0x0000039f   Thumb Code     0  libinit2.o(.ARM.Collect$$libinit$$00000001)
    __rt_lib_init_heap_1                     0x000003a3   Thumb Code     0  libinit2.o(.ARM.Collect$$libinit$$0000000C)
    __rt_lib_init_lc_common                  0x000003a3   Thumb Code     0  libinit2.o(.ARM.Collect$$libinit$$00000011)
    __rt_lib_init_preinit_1                  0x000003a3   Thumb Code     0  libinit2.o(.ARM.Collect$$libinit$$00000006)
    __rt_lib_init_rand_1                     0x000003a3   Thumb Code     0  libinit2.o(.ARM.Collect$$libinit$$00000010)
    __rt_lib_init_relocate_pie_1             0x000003a3   Thumb Code     0  libinit2.o(.ARM.Collect$$libinit$$00000004)
    __rt_lib_init_user_alloc_1               0x000003a3   Thumb Code     0  libinit2.o(.ARM.Collect$$libinit$$0000000E)
    __rt_lib_init_lc_collate_1               0x000003a9   Thumb Code     0  libinit2.o(.ARM.Collect$$libinit$$00000013)
    __rt_lib_init_lc_ctype_2                 0x000003a9   Thumb Code     0  libinit2.o(.ARM.Collect$$libinit$$00000014)
    __rt_lib_init_lc_ctype_1                 0x000003b5   Thumb Code     0  libinit2.o(.ARM.Collect$$libinit$$00000015)
    __rt_lib_init_lc_monetary_1              0x000003b5   Thumb Code     0  libinit2.o(.ARM.Collect$$libinit$$00000017)
    __rt_lib_init_lc_numeric_2               0x000003b5   Thumb Code     0  libinit2.o(.ARM.Collect$$libinit$$00000018)
    __rt_lib_init_alloca_1                   0x000003bf   Thumb Code     0  libinit2.o(.ARM.Collect$$libinit$$00000030)
    __rt_lib_init_argv_1                     0x000003bf   Thumb Code     0  libinit2.o(.ARM.Collect$$libinit$$0000002E)
    __rt_lib_init_atexit_1                   0x000003bf   Thumb Code     0  libinit2.o(.ARM.Collect$$libinit$$0000001D)
    __rt_lib_init_clock_1                    0x000003bf   Thumb Code     0  libinit2.o(.ARM.Collect$$libinit$$00000023)
    __rt_lib_init_cpp_1                      0x000003bf   Thumb Code     0  libinit2.o(.ARM.Collect$$libinit$$00000034)
    __rt_lib_init_exceptions_1               0x000003bf   Thumb Code     0  libinit2.o(.ARM.Collect$$libinit$$00000032)
    __rt_lib_init_fp_trap_1                  0x000003bf   Thumb Code     0  libinit2.o(.ARM.Collect$$libinit$$00000021)
    __rt_lib_init_getenv_1                   0x000003bf   Thumb Code     0  libinit2.o(.ARM.Collect$$libinit$$00000025)
    __rt_lib_init_lc_numeric_1               0x000003bf   Thumb Code     0  libinit2.o(.ARM.Collect$$libinit$$00000019)
    __rt_lib_init_lc_time_1                  0x000003bf   Thumb Code     0  libinit2.o(.ARM.Collect$$libinit$$0000001B)
    __rt_lib_init_return                     0x000003bf   Thumb Code     0  libinit2.o(.ARM.Collect$$libinit$$00000035)
    __rt_lib_init_signal_1                   0x000003bf   Thumb Code     0  libinit2.o(.ARM.Collect$$libinit$$0000001F)
    __rt_lib_init_stdio_1                    0x000003bf   Thumb Code     0  libinit2.o(.ARM.Collect$$libinit$$00000027)
    __rt_lib_shutdown                        0x000003c1   Thumb Code     0  libshutdown.o(.ARM.Collect$$libshutdown$$00000000)
    __rt_lib_shutdown_cpp_1                  0x000003c3   Thumb Code     0  libshutdown2.o(.ARM.Collect$$libshutdown$$00000002)
    __rt_lib_shutdown_fp_trap_1              0x000003c3   Thumb Code     0  libshutdown2.o(.ARM.Collect$$libshutdown$$00000007)
    __rt_lib_shutdown_heap_1                 0x000003c3   Thumb Code     0  libshutdown2.o(.ARM.Collect$$libshutdown$$0000000F)
    __rt_lib_shutdown_return                 0x000003c3   Thumb Code     0  libshutdown2.o(.ARM.Collect$$libshutdown$$00000010)
    __rt_lib_shutdown_signal_1               0x000003c3   Thumb Code     0  libshutdown2.o(.ARM.Collect$$libshutdown$$0000000A)
    __rt_lib_shutdown_stdio_1                0x000003c3   Thumb Code     0  libshutdown2.o(.ARM.Collect$$libshutdown$$00000004)
    __rt_lib_shutdown_user_alloc_1           0x000003c3   Thumb Code     0  libshutdown2.o(.ARM.Collect$$libshutdown$$0000000C)
    __rt_entry                               0x000003c5   Thumb Code     0  __rtentry.o(.ARM.Collect$$rtentry$$00000000)
    __rt_entry_presh_1                       0x000003c5   Thumb Code     0  __rtentry2.o(.ARM.Collect$$rtentry$$00000002)
    __rt_entry_sh                            0x000003c5   Thumb Code     0  __rtentry4.o(.ARM.Collect$$rtentry$$00000004)
    __rt_entry_li                            0x000003cb   Thumb Code     0  __rtentry2.o(.ARM.Collect$$rtentry$$0000000A)
    __rt_entry_postsh_1                      0x000003cb   Thumb Code     0  __rtentry2.o(.ARM.Collect$$rtentry$$00000009)
    __rt_entry_main                          0x000003cf   Thumb Code     0  __rtentry2.o(.ARM.Collect$$rtentry$$0000000D)
    __rt_entry_postli_1                      0x000003cf   Thumb Code     0  __rtentry2.o(.ARM.Collect$$rtentry$$0000000C)
    __rt_exit                                0x000003d7   Thumb Code     0  rtexit.o(.ARM.Collect$$rtexit$$00000000)
    __rt_exit_ls                             0x000003d9   Thumb Code     0  rtexit2.o(.ARM.Collect$$rtexit$$00000003)
    __rt_exit_prels_1                        0x000003d9   Thumb Code     0  rtexit2.o(.ARM.Collect$$rtexit$$00000002)
    __rt_exit_exit                           0x000003dd   Thumb Code     0  rtexit2.o(.ARM.Collect$$rtexit$$00000004)
    Reset_Handler                            0x000003e5   Thumb Code     8  startup_tm4c123.o(.text)
    NMI_Handler                              0x000003ed   Thumb Code     2  startup_tm4c123.o(.text)
    HardFault_Handler                        0x000003ef   Thumb Code     2  startup_tm4c123.o(.text)
    MemManage_Handler                        0x000003f1   Thumb Code     2  startup_tm4c123.o(.text)
    BusFault_Handler                         0x000003f3   Thumb Code     2  startup_tm4c123.o(.text)
    UsageFault_Handler                       0x000003f5   Thumb Code     2  startup_tm4c123.o(.text)
    SVC_Handler                              0x000003f7   Thumb Code     2  startup_tm4c123.o(.text)
    DebugMon_Handler                         0x000003f9   Thumb Code     2  startup_tm4c123.o(.text)
    PendSV_Handler                           0x000003fb   Thumb Code     2  startup_tm4c123.o(.text)
    GPIOB_Handler                            0x00000401   Thumb Code     2  startup_tm4c123.o(.text)
    GPIOC_Handler                            0x00000403   Thumb Code     2  startup_tm4c123.o(.text)
    GPIOE_Handler                            0x00000407   Thumb Code     2  startup_tm4c123.o(.text)
    UART0_Handler                            0x00000409   Thumb Code     2  startup_tm4c123.o(.text)
    UART1_Handler                            0x0000040b   Thumb Code     2  startup_tm4c123.o(.text)
    SSI0_Handler                             0x0000040d   Thumb Code     2  startup_tm4c123.o(.text)
    I2C0_Handler                             0x0000040f   Thumb Code     2  startup_tm4c123.o(.text)
    PMW0_FAULT_Handler                       0x00000411   Thumb Code     2  startup_tm4c123.o(.text)
    PWM0_0_Handler                           0x00000413   Thumb Code     2  startup_tm4c123.o(.text)
    PWM0_1_Handler                           0x00000415   Thumb Code     2  startup_tm4c123.o(.text)
    PWM0_2_Handler                           0x00000417   Thumb Code     2  startup_tm4c123.o(.text)
    QEI0_Handler                             0x00000419   Thumb Code     2  startup_tm4c123.o(.text)
    ADC0SS0_Handler                          0x0000041b   Thumb Code     2  startup_tm4c123.o(.text)
    ADC0SS1_Handler                          0x0000041d   Thumb Code     2  startup_tm4c123.o(.text)
    ADC0SS2_Handler                          0x0000041f   Thumb Code     2  startup_tm4c123.o(.text)
    ADC0SS3_Handler                          0x00000421   Thumb Code     2  startup_tm4c123.o(.text)
    WDT0_Handler                             0x00000423   Thumb Code     2  startup_tm4c123.o(.text)
    TIMER0B_Handler                          0x00000427   Thumb Code     2  startup_tm4c123.o(.text)
    TIMER1A_Handler                          0x00000429   Thumb Code     2  startup_tm4c123.o(.text)
    TIMER1B_Handler                          0x0000042b   Thumb Code     2  startup_tm4c123.o(.text)
    TIMER2A_Handler                          0x0000042d   Thumb Code     2  startup_tm4c123.o(.text)
    TIMER2B_Handler                          0x0000042f   Thumb Code     2  startup_tm4c123.o(.text)
    COMP0_Handler                            0x00000431   Thumb Code     2  startup_tm4c123.o(.text)
    COMP1_Handler                            0x00000433   Thumb Code     2  startup_tm4c123.o(.text)
    COMP2_Handler                            0x00000435   Thumb Code     2  startup_tm4c123.o(.text)
    SYSCTL_Handler                           0x00000437   Thumb Code     2  startup_tm4c123.o(.text)
    FLASH_Handler                            0x00000439   Thumb Code     2  startup_tm4c123.o(.text)
    GPIOF_Handler                            0x0000043b   Thumb Code     2  startup_tm4c123.o(.text)
    GPIOG_Handler                            0x0000043d   Thumb Code     2  startup_tm4c123.o(.text)
    GPIOH_Handler                            0x0000043f   Thumb Code     2  startup_tm4c123.o(.text)
    UART2_Handler                            0x00000441   Thumb Code     2  startup_tm4c123.o(.text)
    SSI1_Handler                             0x00000443   Thumb Code     2  startup_tm4c123.o(.text)
    TIMER3A_Handler                          0x00000445   Thumb Code     2  startup_tm4c123.o(.text)
    TIMER3B_Handler                          0x00000447   Thumb Code     2  startup_tm4c123.o(.text)
    I2C1_Handler                             0x00000449   Thumb Code     2  startup_tm4c123.o(.text)
    QEI1_Handler                             0x0000044b   Thumb Code     2  startup_tm4c123.o(.text)
    CAN0_Handler                             0x0000044d   Thumb Code     2  startup_tm4c123.o(.text)
    CAN1_Handler                             0x0000044f   Thumb Code     2  startup_tm4c123.o(.text)
    CAN2_Handler                             0x00000451   Thumb Code     2  startup_tm4c123.o(.text)
    HIB_Handler                              0x00000453   Thumb Code     2  startup_tm4c123.o(.text)
    USB0_Handler                             0x00000455   Thumb Code     2  startup_tm4c123.o(.text)
    PWM0_3_Handler                           0x00000457   Thumb Code     2  startup_tm4c123.o(.text)
    UDMA_Handler                             0x00000459   Thumb Code     2  startup_tm4c123.o(.text)
    UDMAERR_Handler                          0x0000045b   Thumb Code     2  startup_tm4c123.o(.text)
    ADC1SS0_Handler                          0x0000045d   Thumb Code     2  startup_tm4c123.o(.text)
    ADC1SS1_Handler                          0x0000045f   Thumb Code     2  startup_tm4c123.o(.text)
    ADC1SS2_Handler                          0x00000461   Thumb Code     2  startup_tm4c123.o(.text)
    ADC1SS3_Handler                          0x00000463   Thumb Code     2  startup_tm4c123.o(.text)
    GPIOJ_Handler                            0x00000465   Thumb Code     2  startup_tm4c123.o(.text)
    GPIOK_Handler                            0x00000467   Thumb Code     2  startup_tm4c123.o(.text)
    GPIOL_Handler                            0x00000469   Thumb Code     2  startup_tm4c123.o(.text)
    SSI2_Handler                             0x0000046b   Thumb Code     2  startup_tm4c123.o(.text)
    SSI3_Handler                             0x0000046d   Thumb Code     2  startup_tm4c123.o(.text)
    UART3_Handler                            0x0000046f   Thumb Code     2  startup_tm4c123.o(.text)
    UART4_Handler                            0x00000471   Thumb Code     2  startup_tm4c123.o(.text)
    UART5_Handler                            0x00000473   Thumb Code     2  startup_tm4c123.o(.text)
    UART6_Handler                            0x00000475   Thumb Code     2  startup_tm4c123.o(.text)
    UART7_Handler                            0x00000477   Thumb Code     2  startup_tm4c123.o(.text)
    I2C2_Handler                             0x00000479   Thumb Code     2  startup_tm4c123.o(.text)
    I2C3_Handler                             0x0000047b   Thumb Code     2  startup_tm4c123.o(.text)
    TIMER4A_Handler                          0x0000047d   Thumb Code     2  startup_tm4c123.o(.text)
    TIMER4B_Handler                          0x0000047f   Thumb Code     2  startup_tm4c123.o(.text)
    TIMER5A_Handler                          0x00000481   Thumb Code     2  startup_tm4c123.o(.text)
    TIMER5B_Handler                          0x00000483   Thumb Code     2  startup_tm4c123.o(.text)
    WTIMER0A_Handler                         0x00000485   Thumb Code     2  startup_tm4c123.o(.text)
    WTIMER0B_Handler                         0x00000487   Thumb Code     2  startup_tm4c123.o(.text)
    WTIMER1A_Handler                         0x00000489   Thumb Code     2  startup_tm4c123.o(.text)
    WTIMER1B_Handler                         0x0000048b   Thumb Code     2  startup_tm4c123.o(.text)
    WTIMER2A_Handler                         0x0000048d   Thumb Code     2  startup_tm4c123.o(.text)
    WTIMER2B_Handler                         0x0000048f   Thumb Code     2  startup_tm4c123.o(.text)
    WTIMER3A_Handler                         0x00000491   Thumb Code     2  startup_tm4c123.o(.text)
    WTIMER3B_Handler                         0x00000493   Thumb Code     2  startup_tm4c123.o(.text)
    WTIMER4A_Handler                         0x00000495   Thumb Code     2  startup_tm4c123.o(.text)
    WTIMER4B_Handler                         0x00000497   Thumb Code     2  startup_tm4c123.o(.text)
    WTIMER5A_Handler                         0x00000499   Thumb Code     2  startup_tm4c123.o(.text)
    WTIMER5B_Handler                         0x0000049b   Thumb Code     2  startup_tm4c123.o(.text)
    FPU_Handler                              0x0000049d   Thumb Code     2  startup_tm4c123.o(.text)
    I2C4_Handler                             0x0000049f   Thumb Code     2  startup_tm4c123.o(.text)
    I2C5_Handler                             0x000004a1   Thumb Code     2  startup_tm4c123.o(.text)
    GPIOM_Handler                            0x000004a3   Thumb Code     2  startup_tm4c123.o(.text)
    GPION_Handler                            0x000004a5   Thumb Code     2  startup_tm4c123.o(.text)
    QEI2_Handler                             0x000004a7   Thumb Code     2  startup_tm4c123.o(.text)
    GPIOP0_Handler                           0x000004a9   Thumb Code     2  startup_tm4c123.o(.text)
    GPIOP1_Handler                           0x000004ab   Thumb Code     2  startup_tm4c123.o(.text)
    GPIOP2_Handler                           0x000004ad   Thumb Code     2  startup_tm4c123.o(.text)
    GPIOP3_Handler                           0x000004af   Thumb Code     2  startup_tm4c123.o(.text)
    GPIOP4_Handler                           0x000004b1   Thumb Code     2  startup_tm4c123.o(.text)
    GPIOP5_Handler                           0x000004b3   Thumb Code     2  startup_tm4c123.o(.text)
    GPIOP6_Handler                           0x000004b5   Thumb Code     2  startup_tm4c123.o(.text)
    GPIOP7_Handler                           0x000004b7   Thumb Code     2  startup_tm4c123.o(.text)
    GPIOQ0_Handler                           0x000004b9   Thumb Code     2  startup_tm4c123.o(.text)
    GPIOQ1_Handler                           0x000004bb   Thumb Code     2  startup_tm4c123.o(.text)
    GPIOQ2_Handler                           0x000004bd   Thumb Code     2  startup_tm4c123.o(.text)
    GPIOQ3_Handler                           0x000004bf   Thumb Code     2  startup_tm4c123.o(.text)
    GPIOQ4_Handler                           0x000004c1   Thumb Code     2  startup_tm4c123.o(.text)
    GPIOQ5_Handler                           0x000004c3   Thumb Code     2  startup_tm4c123.o(.text)
    GPIOQ6_Handler                           0x000004c5   Thumb Code     2  startup_tm4c123.o(.text)
    GPIOQ7_Handler                           0x000004c7   Thumb Code     2  startup_tm4c123.o(.text)
    GPIOR_Handler                            0x000004c9   Thumb Code     2  startup_tm4c123.o(.text)
    GPIOS_Handler                            0x000004cb   Thumb Code     2  startup_tm4c123.o(.text)
    PMW1_0_Handler                           0x000004cd   Thumb Code     2  startup_tm4c123.o(.text)
    PWM1_1_Handler                           0x000004cf   Thumb Code     2  startup_tm4c123.o(.text)
    PWM1_2_Handler                           0x000004d1   Thumb Code     2  startup_tm4c123.o(.text)
    PWM1_3_Handler                           0x000004d3   Thumb Code     2  startup_tm4c123.o(.text)
    PWM1_FAULT_Handler                       0x000004d5   Thumb Code     2  startup_tm4c123.o(.text)
    __user_initial_stackheap                 0x000004d9   Thumb Code     0  startup_tm4c123.o(.text)
    sprintf                                  0x000004fd   Thumb Code    38  sprintf.o(.text)
    strlen                                   0x00000529   Thumb Code    62  strlen.o(.text)
    __use_two_region_memory                  0x00000567   Thumb Code     2  heapauxi.o(.text)
    __rt_heap_escrow$2region                 0x00000569   Thumb Code     2  heapauxi.o(.text)
    __rt_heap_expand$2region                 0x0000056b   Thumb Code     2  heapauxi.o(.text)
    _printf_pre_padding                      0x0000056d   Thumb Code    44  _printf_pad.o(.text)
    _printf_post_padding                     0x00000599   Thumb Code    34  _printf_pad.o(.text)
    _printf_truncate_signed                  0x000005bb   Thumb Code    18  _printf_truncate.o(.text)
    _printf_truncate_unsigned                0x000005cd   Thumb Code    18  _printf_truncate.o(.text)
    _printf_str                              0x000005df   Thumb Code    82  _printf_str.o(.text)
    _printf_int_dec                          0x00000631   Thumb Code   104  _printf_dec.o(.text)
    _printf_charcount                        0x000006a9   Thumb Code    40  _printf_charcount.o(.text)
    _printf_char_common                      0x000006db   Thumb Code    32  _printf_char_common.o(.text)
    _sputc                                   0x00000701   Thumb Code    10  _sputc.o(.text)
    _printf_wctomb                           0x0000070d   Thumb Code   182  _printf_wctomb.o(.text)
    _printf_longlong_dec                     0x000007c9   Thumb Code   108  _printf_longlong_dec.o(.text)
    _printf_longlong_oct                     0x00000845   Thumb Code    68  _printf_oct_int_ll.o(.text)
    _printf_int_oct                          0x00000889   Thumb Code    24  _printf_oct_int_ll.o(.text)
    _printf_ll_oct                           0x000008a1   Thumb Code    12  _printf_oct_int_ll.o(.text)
    _printf_longlong_hex                     0x000008b5   Thumb Code    86  _printf_hex_int_ll_ptr.o(.text)
    _printf_int_hex                          0x0000090b   Thumb Code    28  _printf_hex_int_ll_ptr.o(.text)
    _printf_ll_hex                           0x00000927   Thumb Code    12  _printf_hex_int_ll_ptr.o(.text)
    _printf_hex_ptr                          0x00000933   Thumb Code    18  _printf_hex_int_ll_ptr.o(.text)
    __printf                                 0x00000949   Thumb Code   388  __printf_flags_ss_wp.o(.text)
    _ll_udiv10                               0x00000ad1   Thumb Code   138  lludiv10.o(.text)
    _printf_int_common                       0x00000b5b   Thumb Code   178  _printf_intcommon.o(.text)
    _printf_fp_dec_real                      0x00000dbd   Thumb Code   620  _printf_fp_dec.o(.text)
    _printf_fp_hex_real                      0x00001029   Thumb Code   756  _printf_fp_hex.o(.text)
    _printf_cs_common                        0x00001325   Thumb Code    20  _printf_char.o(.text)
    _printf_char                             0x00001339   Thumb Code    16  _printf_char.o(.text)
    _printf_string                           0x00001349   Thumb Code     8  _printf_char.o(.text)
    _printf_lcs_common                       0x00001351   Thumb Code    20  _printf_wchar.o(.text)
    _printf_wchar                            0x00001365   Thumb Code    16  _printf_wchar.o(.text)
    _printf_wstring                          0x00001375   Thumb Code     8  _printf_wchar.o(.text)
    _c16rtomb                                0x0000137d   Thumb Code    72  _c16rtomb.o(.text)
    _wcrtomb                                 0x0000137d   Thumb Code     0  _c16rtomb.o(.text)
    __user_setup_stackheap                   0x000013c5   Thumb Code    74  sys_stackheap_outer.o(.text)
    __rt_ctype_table                         0x00001411   Thumb Code    16  rt_ctype_table.o(.text)
    __rt_locale                              0x00001421   Thumb Code     8  rt_locale_intlibspace.o(.text)
    _printf_fp_infnan                        0x00001429   Thumb Code   112  _printf_fp_infnan.o(.text)
    _btod_etento                             0x000014a9   Thumb Code   224  bigflt0.o(.text)
    exit                                     0x0000158d   Thumb Code    18  exit.o(.text)
    __user_libspace                          0x000015a1   Thumb Code     8  libspace.o(.text)
    __user_perproc_libspace                  0x000015a1   Thumb Code     0  libspace.o(.text)
    __user_perthread_libspace                0x000015a1   Thumb Code     0  libspace.o(.text)
    strcmp                                   0x000015a9   Thumb Code   124  strcmpv7em.o(.text)
    _sys_exit                                0x00001625   Thumb Code     8  sys_exit.o(.text)
    __I$use$semihosting                      0x00001631   Thumb Code     0  use_no_semi.o(.text)
    __use_no_semihosting_swi                 0x00001631   Thumb Code     2  use_no_semi.o(.text)
    __semihosting_library_function           0x00001633   Thumb Code     0  indicate_semi.o(.text)
    EduBase_LCD_Clear_Display                0x00001635   Thumb Code    10  edubase_lcd.o(.text.EduBase_LCD_Clear_Display)
    EduBase_LCD_Create_Custom_Character      0x00001641   Thumb Code    76  edubase_lcd.o(.text.EduBase_LCD_Create_Custom_Character)
    EduBase_LCD_Disable_Cursor               0x0000168d   Thumb Code    30  edubase_lcd.o(.text.EduBase_LCD_Disable_Cursor)
    EduBase_LCD_Disable_Cursor_Blink         0x000016ad   Thumb Code    30  edubase_lcd.o(.text.EduBase_LCD_Disable_Cursor_Blink)
    EduBase_LCD_Display_Integer              0x000016cd   Thumb Code    34  edubase_lcd.o(.text.EduBase_LCD_Display_Integer)
    EduBase_LCD_Display_String               0x000016f1   Thumb Code    56  edubase_lcd.o(.text.EduBase_LCD_Display_String)
    EduBase_LCD_Enable_Display               0x00001729   Thumb Code    30  edubase_lcd.o(.text.EduBase_LCD_Enable_Display)
    EduBase_LCD_Init                         0x00001749   Thumb Code   104  edubase_lcd.o(.text.EduBase_LCD_Init)
    EduBase_LCD_Ports_Init                   0x000017b1   Thumb Code   216  edubase_lcd.o(.text.EduBase_LCD_Ports_Init)
    EduBase_LCD_Pulse_Enable                 0x00001889   Thumb Code    60  edubase_lcd.o(.text.EduBase_LCD_Pulse_Enable)
    EduBase_LCD_Return_Home                  0x000018c5   Thumb Code    10  edubase_lcd.o(.text.EduBase_LCD_Return_Home)
    EduBase_LCD_Send_Command                 0x000018d1   Thumb Code    70  edubase_lcd.o(.text.EduBase_LCD_Send_Command)
    EduBase_LCD_Send_Data                    0x00001919   Thumb Code    42  edubase_lcd.o(.text.EduBase_LCD_Send_Data)
    EduBase_LCD_Set_Cursor                   0x00001945   Thumb Code    80  edubase_lcd.o(.text.EduBase_LCD_Set_Cursor)
    EduBase_LCD_Write_4_Bits                 0x00001995   Thumb Code   114  edubase_lcd.o(.text.EduBase_LCD_Write_4_Bits)
    GPIOA_Handler                            0x00001a09   Thumb Code    64  pmod_btn_interrupt.o(.text.GPIOA_Handler)
    GPIOD_Handler                            0x00001a49   Thumb Code    64  edubase_button_interrupt.o(.text.GPIOD_Handler)
    Get_EduBase_Button_Status                0x00001a89   Thumb Code    28  gpio.o(.text.Get_EduBase_Button_Status)
    PMOD_BTN_Read                            0x00001aa5   Thumb Code    28  pmod_btn_interrupt.o(.text.PMOD_BTN_Read)
    PMOD_ENC_Button_Read                     0x00001ac1   Thumb Code    18  pmod_enc.o(.text.PMOD_ENC_Button_Read)
    PMOD_ENC_Get_Rotation                    0x00001ad5   Thumb Code    68  pmod_enc.o(.text.PMOD_ENC_Get_Rotation)
    PMOD_ENC_Get_State                       0x00001b19   Thumb Code    28  pmod_enc.o(.text.PMOD_ENC_Get_State)
    PMOD_ENC_Init                            0x00001b35   Thumb Code    66  pmod_enc.o(.text.PMOD_ENC_Init)
    PMOD_ENC_Task                            0x00001b79   Thumb Code   200  main.o(.text.PMOD_ENC_Task)
    SysTick_Delay1ms                         0x00001c41   Thumb Code    76  systick_delay.o(.text.SysTick_Delay1ms)
    SysTick_Delay1us                         0x00001c8d   Thumb Code    42  systick_delay.o(.text.SysTick_Delay1us)
    SysTick_Delay_Init                       0x00001cb9   Thumb Code    42  systick_delay.o(.text.SysTick_Delay_Init)
    SysTick_Handler                          0x00001ce5   Thumb Code    70  systick_delay.o(.text.SysTick_Handler)
    SystemInit                               0x00001d2d   Thumb Code   268  system_tm4c123.o(.text.SystemInit)
    TIMER0A_Handler                          0x00001e39   Thumb Code    46  timer_0a_interrupt.o(.text.TIMER0A_Handler)
    Timer_0A_Interrupt_Init                  0x00001e69   Thumb Code   172  timer_0a_interrupt.o(.text.Timer_0A_Interrupt_Init)
    main                                     0x00001f15   Thumb Code   158  main.o(.text.main)
    _btod_d2e                                0x00001fb3   Thumb Code    62  btod.o(CL$$btod_d2e)
    _d2e_denorm_low                          0x00001ff1   Thumb Code    70  btod.o(CL$$btod_d2e_denorm_low)
    _d2e_norm_op1                            0x00002037   Thumb Code    96  btod.o(CL$$btod_d2e_norm_op1)
    __btod_div_common                        0x00002099   Thumb Code   696  btod.o(CL$$btod_div_common)
    _e2e                                     0x000023d1   Thumb Code   220  btod.o(CL$$btod_e2e)
    _btod_ediv                               0x000024ad   Thumb Code    42  btod.o(CL$$btod_ediv)
    _btod_emul                               0x000024d7   Thumb Code    42  btod.o(CL$$btod_emul)
    __btod_mult_common                       0x00002501   Thumb Code   580  btod.o(CL$$btod_mult_common)
    __ARM_fpclassify                         0x00002745   Thumb Code    48  fpclassify.o(i.__ARM_fpclassify)
    _is_digit                                0x00002775   Thumb Code    14  __printf_wp.o(i._is_digit)
    _get_lc_numeric                          0x00002785   Thumb Code    44  lc_numeric_c.o(locale$$code)
    _get_lc_ctype                            0x000027b1   Thumb Code    44  lc_ctype_c.o(locale$$code)
    _fp_init                                 0x000027dd   Thumb Code    26  fpinit.o(x$fpl$fpinit)
    __fplib_config_fpu_vfp                   0x000027f5   Thumb Code     0  fpinit.o(x$fpl$fpinit)
    __fplib_config_pureend_doubles           0x000027f5   Thumb Code     0  fpinit.o(x$fpl$fpinit)
    _printf_fp_dec                           0x000027f7   Thumb Code     4  printf1.o(x$fpl$printf1)
    _printf_fp_hex                           0x000027fb   Thumb Code     4  printf2.o(x$fpl$printf2)
    __I$use$fp                               0x000027fe   Number         0  usenofp.o(x$fpl$usenofp)
    Region$$Table$$Base                      0x00002904   Number         0  anon$$obj.o(Region$$Table)
    Region$$Table$$Limit                     0x00002924   Number         0  anon$$obj.o(Region$$Table)
    __ctype                                  0x0000294d   Data           0  lc_ctype_c.o(locale$$data)
    __libspace_start                         0x20000018   Data          96  libspace.o(.bss)
    EduBase_Button_Task                      0x20000078   Data           4  edubase_button_interrupt.o(.bss.EduBase_Button_Task)
    __temporary_stack_top$libspace           0x20000078   Data           0  libspace.o(.bss)
    PMOD_BTN_Task                            0x2000007c   Data           4  pmod_btn_interrupt.o(.bss.PMOD_BTN_Task)
    Timer_0A_Task                            0x20000080   Data           4  timer_0a_interrupt.o(.bss.Timer_0A_Task)



==============================================================================

Memory Map of the image

  Image Entry point : 0x000003e5

  Load Region LR_1 (Base: 0x00000000, Size: 0x00002a64, Max: 0xffffffff, ABSOLUTE)

    Execution Region ER_RO (Exec base: 0x00000000, Load base: 0x00000000, Size: 0x00002a50, Max: 0xffffffff, ABSOLUTE)

    Exec Addr    Load Addr    Size         Type   Attr      Idx    E Section Name        Object

    0x00000000   0x00000000   0x0000026c   Data   RO          266    RESET               startup_tm4c123.o
    0x0000026c   0x0000026c   0x00000008   Code   RO          295  * !!!main             c_w.l(__main.o)
    0x00000274   0x00000274   0x0000005c   Code   RO          646    !!!scatter          c_w.l(__scatter.o)
    0x000002d0   0x000002d0   0x0000001a   Code   RO          650    !!handler_copy      c_w.l(__scatter_copy.o)
    0x000002ea   0x000002ea   0x00000002   PAD
    0x000002ec   0x000002ec   0x00000002   Code   RO          647    !!handler_null      c_w.l(__scatter.o)
    0x000002ee   0x000002ee   0x00000002   PAD
    0x000002f0   0x000002f0   0x0000001c   Code   RO          652    !!handler_zi        c_w.l(__scatter_zi.o)
    0x0000030c   0x0000030c   0x00000000   Code   RO          389    .ARM.Collect$$_printf_percent$$00000000  c_w.l(_printf_percent.o)
    0x0000030c   0x0000030c   0x00000006   Code   RO          378    .ARM.Collect$$_printf_percent$$00000001  c_w.l(_printf_n.o)
    0x00000312   0x00000312   0x00000006   Code   RO          380    .ARM.Collect$$_printf_percent$$00000002  c_w.l(_printf_p.o)
    0x00000318   0x00000318   0x00000006   Code   RO          385    .ARM.Collect$$_printf_percent$$00000003  c_w.l(_printf_f.o)
    0x0000031e   0x0000031e   0x00000006   Code   RO          386    .ARM.Collect$$_printf_percent$$00000004  c_w.l(_printf_e.o)
    0x00000324   0x00000324   0x00000006   Code   RO          387    .ARM.Collect$$_printf_percent$$00000005  c_w.l(_printf_g.o)
    0x0000032a   0x0000032a   0x00000006   Code   RO          388    .ARM.Collect$$_printf_percent$$00000006  c_w.l(_printf_a.o)
    0x00000330   0x00000330   0x0000000a   Code   RO          393    .ARM.Collect$$_printf_percent$$00000007  c_w.l(_printf_ll.o)
    0x0000033a   0x0000033a   0x00000006   Code   RO          382    .ARM.Collect$$_printf_percent$$00000008  c_w.l(_printf_i.o)
    0x00000340   0x00000340   0x00000006   Code   RO          383    .ARM.Collect$$_printf_percent$$00000009  c_w.l(_printf_d.o)
    0x00000346   0x00000346   0x00000006   Code   RO          384    .ARM.Collect$$_printf_percent$$0000000A  c_w.l(_printf_u.o)
    0x0000034c   0x0000034c   0x00000006   Code   RO          381    .ARM.Collect$$_printf_percent$$0000000B  c_w.l(_printf_o.o)
    0x00000352   0x00000352   0x00000006   Code   RO          379    .ARM.Collect$$_printf_percent$$0000000C  c_w.l(_printf_x.o)
    0x00000358   0x00000358   0x00000006   Code   RO          390    .ARM.Collect$$_printf_percent$$0000000D  c_w.l(_printf_lli.o)
    0x0000035e   0x0000035e   0x00000006   Code   RO          391    .ARM.Collect$$_printf_percent$$0000000E  c_w.l(_printf_lld.o)
    0x00000364   0x00000364   0x00000006   Code   RO          392    .ARM.Collect$$_printf_percent$$0000000F  c_w.l(_printf_llu.o)
    0x0000036a   0x0000036a   0x00000006   Code   RO          397    .ARM.Collect$$_printf_percent$$00000010  c_w.l(_printf_llo.o)
    0x00000370   0x00000370   0x00000006   Code   RO          398    .ARM.Collect$$_printf_percent$$00000011  c_w.l(_printf_llx.o)
    0x00000376   0x00000376   0x0000000a   Code   RO          394    .ARM.Collect$$_printf_percent$$00000012  c_w.l(_printf_l.o)
    0x00000380   0x00000380   0x00000006   Code   RO          376    .ARM.Collect$$_printf_percent$$00000013  c_w.l(_printf_c.o)
    0x00000386   0x00000386   0x00000006   Code   RO          377    .ARM.Collect$$_printf_percent$$00000014  c_w.l(_printf_s.o)
    0x0000038c   0x0000038c   0x00000006   Code   RO          395    .ARM.Collect$$_printf_percent$$00000015  c_w.l(_printf_lc.o)
    0x00000392   0x00000392   0x00000006   Code   RO          396    .ARM.Collect$$_printf_percent$$00000016  c_w.l(_printf_ls.o)
    0x00000398   0x00000398   0x00000004   Code   RO          444    .ARM.Collect$$_printf_percent$$00000017  c_w.l(_printf_percent_end.o)
    0x0000039c   0x0000039c   0x00000002   Code   RO          495    .ARM.Collect$$libinit$$00000000  c_w.l(libinit.o)
    0x0000039e   0x0000039e   0x00000004   Code   RO          512    .ARM.Collect$$libinit$$00000001  c_w.l(libinit2.o)
    0x000003a2   0x000003a2   0x00000000   Code   RO          515    .ARM.Collect$$libinit$$00000004  c_w.l(libinit2.o)
    0x000003a2   0x000003a2   0x00000000   Code   RO          517    .ARM.Collect$$libinit$$00000006  c_w.l(libinit2.o)
    0x000003a2   0x000003a2   0x00000000   Code   RO          520    .ARM.Collect$$libinit$$0000000C  c_w.l(libinit2.o)
    0x000003a2   0x000003a2   0x00000000   Code   RO          522    .ARM.Collect$$libinit$$0000000E  c_w.l(libinit2.o)
    0x000003a2   0x000003a2   0x00000000   Code   RO          524    .ARM.Collect$$libinit$$00000010  c_w.l(libinit2.o)
    0x000003a2   0x000003a2   0x00000006   Code   RO          525    .ARM.Collect$$libinit$$00000011  c_w.l(libinit2.o)
    0x000003a8   0x000003a8   0x00000000   Code   RO          527    .ARM.Collect$$libinit$$00000013  c_w.l(libinit2.o)
    0x000003a8   0x000003a8   0x0000000c   Code   RO          528    .ARM.Collect$$libinit$$00000014  c_w.l(libinit2.o)
    0x000003b4   0x000003b4   0x00000000   Code   RO          529    .ARM.Collect$$libinit$$00000015  c_w.l(libinit2.o)
    0x000003b4   0x000003b4   0x00000000   Code   RO          531    .ARM.Collect$$libinit$$00000017  c_w.l(libinit2.o)
    0x000003b4   0x000003b4   0x0000000a   Code   RO          532    .ARM.Collect$$libinit$$00000018  c_w.l(libinit2.o)
    0x000003be   0x000003be   0x00000000   Code   RO          533    .ARM.Collect$$libinit$$00000019  c_w.l(libinit2.o)
    0x000003be   0x000003be   0x00000000   Code   RO          535    .ARM.Collect$$libinit$$0000001B  c_w.l(libinit2.o)
    0x000003be   0x000003be   0x00000000   Code   RO          537    .ARM.Collect$$libinit$$0000001D  c_w.l(libinit2.o)
    0x000003be   0x000003be   0x00000000   Code   RO          539    .ARM.Collect$$libinit$$0000001F  c_w.l(libinit2.o)
    0x000003be   0x000003be   0x00000000   Code   RO          541    .ARM.Collect$$libinit$$00000021  c_w.l(libinit2.o)
    0x000003be   0x000003be   0x00000000   Code   RO          543    .ARM.Collect$$libinit$$00000023  c_w.l(libinit2.o)
    0x000003be   0x000003be   0x00000000   Code   RO          545    .ARM.Collect$$libinit$$00000025  c_w.l(libinit2.o)
    0x000003be   0x000003be   0x00000000   Code   RO          547    .ARM.Collect$$libinit$$00000027  c_w.l(libinit2.o)
    0x000003be   0x000003be   0x00000000   Code   RO          551    .ARM.Collect$$libinit$$0000002E  c_w.l(libinit2.o)
    0x000003be   0x000003be   0x00000000   Code   RO          553    .ARM.Collect$$libinit$$00000030  c_w.l(libinit2.o)
    0x000003be   0x000003be   0x00000000   Code   RO          555    .ARM.Collect$$libinit$$00000032  c_w.l(libinit2.o)
    0x000003be   0x000003be   0x00000000   Code   RO          557    .ARM.Collect$$libinit$$00000034  c_w.l(libinit2.o)
    0x000003be   0x000003be   0x00000002   Code   RO          558    .ARM.Collect$$libinit$$00000035  c_w.l(libinit2.o)
    0x000003c0   0x000003c0   0x00000002   Code   RO          582    .ARM.Collect$$libshutdown$$00000000  c_w.l(libshutdown.o)
    0x000003c2   0x000003c2   0x00000000   Code   RO          597    .ARM.Collect$$libshutdown$$00000002  c_w.l(libshutdown2.o)
    0x000003c2   0x000003c2   0x00000000   Code   RO          599    .ARM.Collect$$libshutdown$$00000004  c_w.l(libshutdown2.o)
    0x000003c2   0x000003c2   0x00000000   Code   RO          602    .ARM.Collect$$libshutdown$$00000007  c_w.l(libshutdown2.o)
    0x000003c2   0x000003c2   0x00000000   Code   RO          605    .ARM.Collect$$libshutdown$$0000000A  c_w.l(libshutdown2.o)
    0x000003c2   0x000003c2   0x00000000   Code   RO          607    .ARM.Collect$$libshutdown$$0000000C  c_w.l(libshutdown2.o)
    0x000003c2   0x000003c2   0x00000000   Code   RO          610    .ARM.Collect$$libshutdown$$0000000F  c_w.l(libshutdown2.o)
    0x000003c2   0x000003c2   0x00000002   Code   RO          611    .ARM.Collect$$libshutdown$$00000010  c_w.l(libshutdown2.o)
    0x000003c4   0x000003c4   0x00000000   Code   RO          307    .ARM.Collect$$rtentry$$00000000  c_w.l(__rtentry.o)
    0x000003c4   0x000003c4   0x00000000   Code   RO          413    .ARM.Collect$$rtentry$$00000002  c_w.l(__rtentry2.o)
    0x000003c4   0x000003c4   0x00000006   Code   RO          425    .ARM.Collect$$rtentry$$00000004  c_w.l(__rtentry4.o)
    0x000003ca   0x000003ca   0x00000000   Code   RO          415    .ARM.Collect$$rtentry$$00000009  c_w.l(__rtentry2.o)
    0x000003ca   0x000003ca   0x00000004   Code   RO          416    .ARM.Collect$$rtentry$$0000000A  c_w.l(__rtentry2.o)
    0x000003ce   0x000003ce   0x00000000   Code   RO          418    .ARM.Collect$$rtentry$$0000000C  c_w.l(__rtentry2.o)
    0x000003ce   0x000003ce   0x00000008   Code   RO          419    .ARM.Collect$$rtentry$$0000000D  c_w.l(__rtentry2.o)
    0x000003d6   0x000003d6   0x00000002   Code   RO          503    .ARM.Collect$$rtexit$$00000000  c_w.l(rtexit.o)
    0x000003d8   0x000003d8   0x00000000   Code   RO          560    .ARM.Collect$$rtexit$$00000002  c_w.l(rtexit2.o)
    0x000003d8   0x000003d8   0x00000004   Code   RO          561    .ARM.Collect$$rtexit$$00000003  c_w.l(rtexit2.o)
    0x000003dc   0x000003dc   0x00000006   Code   RO          562    .ARM.Collect$$rtexit$$00000004  c_w.l(rtexit2.o)
    0x000003e2   0x000003e2   0x00000002   PAD
    0x000003e4   0x000003e4   0x00000118   Code   RO          267  * .text               startup_tm4c123.o
    0x000004fc   0x000004fc   0x0000002c   Code   RO          289    .text               c_w.l(sprintf.o)
    0x00000528   0x00000528   0x0000003e   Code   RO          291    .text               c_w.l(strlen.o)
    0x00000566   0x00000566   0x00000006   Code   RO          293    .text               c_w.l(heapauxi.o)
    0x0000056c   0x0000056c   0x0000004e   Code   RO          310    .text               c_w.l(_printf_pad.o)
    0x000005ba   0x000005ba   0x00000024   Code   RO          312    .text               c_w.l(_printf_truncate.o)
    0x000005de   0x000005de   0x00000052   Code   RO          314    .text               c_w.l(_printf_str.o)
    0x00000630   0x00000630   0x00000078   Code   RO          316    .text               c_w.l(_printf_dec.o)
    0x000006a8   0x000006a8   0x00000028   Code   RO          318    .text               c_w.l(_printf_charcount.o)
    0x000006d0   0x000006d0   0x00000030   Code   RO          320    .text               c_w.l(_printf_char_common.o)
    0x00000700   0x00000700   0x0000000a   Code   RO          322    .text               c_w.l(_sputc.o)
    0x0000070a   0x0000070a   0x00000002   PAD
    0x0000070c   0x0000070c   0x000000bc   Code   RO          324    .text               c_w.l(_printf_wctomb.o)
    0x000007c8   0x000007c8   0x0000007c   Code   RO          327    .text               c_w.l(_printf_longlong_dec.o)
    0x00000844   0x00000844   0x00000070   Code   RO          333    .text               c_w.l(_printf_oct_int_ll.o)
    0x000008b4   0x000008b4   0x00000094   Code   RO          353    .text               c_w.l(_printf_hex_int_ll_ptr.o)
    0x00000948   0x00000948   0x00000188   Code   RO          373    .text               c_w.l(__printf_flags_ss_wp.o)
    0x00000ad0   0x00000ad0   0x0000008a   Code   RO          427    .text               c_w.l(lludiv10.o)
    0x00000b5a   0x00000b5a   0x000000b2   Code   RO          429    .text               c_w.l(_printf_intcommon.o)
    0x00000c0c   0x00000c0c   0x0000041c   Code   RO          431    .text               c_w.l(_printf_fp_dec.o)
    0x00001028   0x00001028   0x000002fc   Code   RO          435    .text               c_w.l(_printf_fp_hex.o)
    0x00001324   0x00001324   0x0000002c   Code   RO          440    .text               c_w.l(_printf_char.o)
    0x00001350   0x00001350   0x0000002c   Code   RO          442    .text               c_w.l(_printf_wchar.o)
    0x0000137c   0x0000137c   0x00000048   Code   RO          445    .text               c_w.l(_c16rtomb.o)
    0x000013c4   0x000013c4   0x0000004a   Code   RO          447    .text               c_w.l(sys_stackheap_outer.o)
    0x0000140e   0x0000140e   0x00000002   PAD
    0x00001410   0x00001410   0x00000010   Code   RO          449    .text               c_w.l(rt_ctype_table.o)
    0x00001420   0x00001420   0x00000008   Code   RO          454    .text               c_w.l(rt_locale_intlibspace.o)
    0x00001428   0x00001428   0x00000080   Code   RO          456    .text               c_w.l(_printf_fp_infnan.o)
    0x000014a8   0x000014a8   0x000000e4   Code   RO          458    .text               c_w.l(bigflt0.o)
    0x0000158c   0x0000158c   0x00000012   Code   RO          488    .text               c_w.l(exit.o)
    0x0000159e   0x0000159e   0x00000002   PAD
    0x000015a0   0x000015a0   0x00000008   Code   RO          500    .text               c_w.l(libspace.o)
    0x000015a8   0x000015a8   0x0000007c   Code   RO          510    .text               c_w.l(strcmpv7em.o)
    0x00001624   0x00001624   0x0000000c   Code   RO          572    .text               c_w.l(sys_exit.o)
    0x00001630   0x00001630   0x00000002   Code   RO          587    .text               c_w.l(use_no_semi.o)
    0x00001632   0x00001632   0x00000000   Code   RO          589    .text               c_w.l(indicate_semi.o)
    0x00001632   0x00001632   0x00000002   PAD
    0x00001634   0x00001634   0x0000000a   Code   RO          206    .text.EduBase_LCD_Clear_Display  edubase_lcd.o
    0x0000163e   0x0000163e   0x00000002   PAD
    0x00001640   0x00001640   0x0000004c   Code   RO          228    .text.EduBase_LCD_Create_Custom_Character  edubase_lcd.o
    0x0000168c   0x0000168c   0x0000001e   Code   RO          210    .text.EduBase_LCD_Disable_Cursor  edubase_lcd.o
    0x000016aa   0x000016aa   0x00000002   PAD
    0x000016ac   0x000016ac   0x0000001e   Code   RO          208    .text.EduBase_LCD_Disable_Cursor_Blink  edubase_lcd.o
    0x000016ca   0x000016ca   0x00000002   PAD
    0x000016cc   0x000016cc   0x00000022   Code   RO          232    .text.EduBase_LCD_Display_Integer  edubase_lcd.o
    0x000016ee   0x000016ee   0x00000002   PAD
    0x000016f0   0x000016f0   0x00000038   Code   RO          230    .text.EduBase_LCD_Display_String  edubase_lcd.o
    0x00001728   0x00001728   0x0000001e   Code   RO          202    .text.EduBase_LCD_Enable_Display  edubase_lcd.o
    0x00001746   0x00001746   0x00000002   PAD
    0x00001748   0x00001748   0x00000068   Code   RO          200    .text.EduBase_LCD_Init  edubase_lcd.o
    0x000017b0   0x000017b0   0x000000d8   Code   RO          190    .text.EduBase_LCD_Ports_Init  edubase_lcd.o
    0x00001888   0x00001888   0x0000003c   Code   RO          192    .text.EduBase_LCD_Pulse_Enable  edubase_lcd.o
    0x000018c4   0x000018c4   0x0000000a   Code   RO          204    .text.EduBase_LCD_Return_Home  edubase_lcd.o
    0x000018ce   0x000018ce   0x00000002   PAD
    0x000018d0   0x000018d0   0x00000046   Code   RO          196    .text.EduBase_LCD_Send_Command  edubase_lcd.o
    0x00001916   0x00001916   0x00000002   PAD
    0x00001918   0x00001918   0x0000002a   Code   RO          198    .text.EduBase_LCD_Send_Data  edubase_lcd.o
    0x00001942   0x00001942   0x00000002   PAD
    0x00001944   0x00001944   0x00000050   Code   RO          212    .text.EduBase_LCD_Set_Cursor  edubase_lcd.o
    0x00001994   0x00001994   0x00000072   Code   RO          194    .text.EduBase_LCD_Write_4_Bits  edubase_lcd.o
    0x00001a06   0x00001a06   0x00000002   PAD
    0x00001a08   0x00001a08   0x00000040   Code   RO          142    .text.GPIOA_Handler  pmod_btn_interrupt.o
    0x00001a48   0x00001a48   0x00000040   Code   RO          128    .text.GPIOD_Handler  edubase_button_interrupt.o
    0x00001a88   0x00001a88   0x0000001c   Code   RO           38    .text.Get_EduBase_Button_Status  gpio.o
    0x00001aa4   0x00001aa4   0x0000001c   Code   RO          140    .text.PMOD_BTN_Read  pmod_btn_interrupt.o
    0x00001ac0   0x00001ac0   0x00000012   Code   RO          254    .text.PMOD_ENC_Button_Read  pmod_enc.o
    0x00001ad2   0x00001ad2   0x00000002   PAD
    0x00001ad4   0x00001ad4   0x00000044   Code   RO          252    .text.PMOD_ENC_Get_Rotation  pmod_enc.o
    0x00001b18   0x00001b18   0x0000001c   Code   RO          250    .text.PMOD_ENC_Get_State  pmod_enc.o
    0x00001b34   0x00001b34   0x00000042   Code   RO          248    .text.PMOD_ENC_Init  pmod_enc.o
    0x00001b76   0x00001b76   0x00000002   PAD
    0x00001b78   0x00001b78   0x000000c8   Code   RO            4    .text.PMOD_ENC_Task  main.o
    0x00001c40   0x00001c40   0x0000004c   Code   RO           59    .text.SysTick_Delay1ms  systick_delay.o
    0x00001c8c   0x00001c8c   0x0000002a   Code   RO           57    .text.SysTick_Delay1us  systick_delay.o
    0x00001cb6   0x00001cb6   0x00000002   PAD
    0x00001cb8   0x00001cb8   0x0000002a   Code   RO           55    .text.SysTick_Delay_Init  systick_delay.o
    0x00001ce2   0x00001ce2   0x00000002   PAD
    0x00001ce4   0x00001ce4   0x00000046   Code   RO           61    .text.SysTick_Handler  systick_delay.o
    0x00001d2a   0x00001d2a   0x00000002   PAD
    0x00001d2c   0x00001d2c   0x0000010c   Code   RO          278    .text.SystemInit    system_tm4c123.o
    0x00001e38   0x00001e38   0x0000002e   Code   RO           98    .text.TIMER0A_Handler  timer_0a_interrupt.o
    0x00001e66   0x00001e66   0x00000002   PAD
    0x00001e68   0x00001e68   0x000000ac   Code   RO           96    .text.Timer_0A_Interrupt_Init  timer_0a_interrupt.o
    0x00001f14   0x00001f14   0x0000009e   Code   RO            2    .text.main          main.o
    0x00001fb2   0x00001fb2   0x0000003e   Code   RO          461    CL$$btod_d2e        c_w.l(btod.o)
    0x00001ff0   0x00001ff0   0x00000046   Code   RO          463    CL$$btod_d2e_denorm_low  c_w.l(btod.o)
    0x00002036   0x00002036   0x00000060   Code   RO          462    CL$$btod_d2e_norm_op1  c_w.l(btod.o)
    0x00002096   0x00002096   0x00000002   PAD
    0x00002098   0x00002098   0x00000338   Code   RO          471    CL$$btod_div_common  c_w.l(btod.o)
    0x000023d0   0x000023d0   0x000000dc   Code   RO          468    CL$$btod_e2e        c_w.l(btod.o)
    0x000024ac   0x000024ac   0x0000002a   Code   RO          465    CL$$btod_ediv       c_w.l(btod.o)
    0x000024d6   0x000024d6   0x0000002a   Code   RO          464    CL$$btod_emul       c_w.l(btod.o)
    0x00002500   0x00002500   0x00000244   Code   RO          470    CL$$btod_mult_common  c_w.l(btod.o)
    0x00002744   0x00002744   0x00000030   Code   RO          498    i.__ARM_fpclassify  m_wm.l(fpclassify.o)
    0x00002774   0x00002774   0x0000000e   Code   RO          366    i._is_digit         c_w.l(__printf_wp.o)
    0x00002782   0x00002782   0x00000002   PAD
    0x00002784   0x00002784   0x0000002c   Code   RO          486    locale$$code        c_w.l(lc_numeric_c.o)
    0x000027b0   0x000027b0   0x0000002c   Code   RO          508    locale$$code        c_w.l(lc_ctype_c.o)
    0x000027dc   0x000027dc   0x0000001a   Code   RO          570    x$fpl$fpinit        fz_wm.l(fpinit.o)
    0x000027f6   0x000027f6   0x00000004   Code   RO          403    x$fpl$printf1       fz_wm.l(printf1.o)
    0x000027fa   0x000027fa   0x00000004   Code   RO          405    x$fpl$printf2       fz_wm.l(printf2.o)
    0x000027fe   0x000027fe   0x00000000   Code   RO          411    x$fpl$usenofp       fz_wm.l(usenofp.o)
    0x000027fe   0x000027fe   0x00000002   PAD
    0x00002800   0x00002800   0x00000008   Data   RO          325    .constdata          c_w.l(_printf_wctomb.o)
    0x00002808   0x00002808   0x00000028   Data   RO          354    .constdata          c_w.l(_printf_hex_int_ll_ptr.o)
    0x00002830   0x00002830   0x00000011   Data   RO          374    .constdata          c_w.l(__printf_flags_ss_wp.o)
    0x00002841   0x00002841   0x00000026   Data   RO          436    .constdata          c_w.l(_printf_fp_hex.o)
    0x00002867   0x00002867   0x00000001   PAD
    0x00002868   0x00002868   0x00000094   Data   RO          459    .constdata          c_w.l(bigflt0.o)
    0x000028fc   0x000028fc   0x00000008   Data   RO          240    .rodata.str1.1      edubase_lcd.o
    0x00002904   0x00002904   0x00000020   Data   RO          645    Region$$Table       anon$$obj.o
    0x00002924   0x00002924   0x0000001c   Data   RO          485    locale$$data        c_w.l(lc_numeric_c.o)
    0x00002940   0x00002940   0x00000110   Data   RO          507    locale$$data        c_w.l(lc_ctype_c.o)


    Execution Region ER_RW (Exec base: 0x20000000, Load base: 0x00002a50, Size: 0x00000014, Max: 0xffffffff, ABSOLUTE)

    Exec Addr    Load Addr    Size         Type   Attr      Idx    E Section Name        Object

    0x20000000   0x00002a50   0x00000008   Data   RW           11    .data.heart_shape   main.o
    0x20000008   0x00002a58   0x00000004   Data   RW           13    .data.prev_main_menu_counter  main.o
    0x2000000c   0x00002a5c   0x00000008   Data   RW           12    .data.right_arrow   main.o


    Execution Region ER_ZI (Exec base: 0x20000018, Load base: 0x00002a64, Size: 0x00000c88, Max: 0xffffffff, ABSOLUTE)

    Exec Addr    Load Addr    Size         Type   Attr      Idx    E Section Name        Object

    0x20000018        -       0x00000060   Zero   RW          501    .bss                c_w.l(libspace.o)
    0x20000078        -       0x00000004   Zero   RW          130    .bss.EduBase_Button_Task  edubase_button_interrupt.o
    0x2000007c        -       0x00000004   Zero   RW          144    .bss.PMOD_BTN_Task  pmod_btn_interrupt.o
    0x20000080        -       0x00000004   Zero   RW          100    .bss.Timer_0A_Task  timer_0a_interrupt.o
    0x20000084        -       0x00000001   Zero   RW          238    .bss.display_control  edubase_lcd.o
    0x20000085        -       0x00000001   Zero   RW           10    .bss.last_state     main.o
    0x20000086   0x00002a64   0x00000002   PAD
    0x20000088        -       0x00000004   Zero   RW           14    .bss.main_menu_counter  main.o
    0x2000008c        -       0x00000001   Zero   RW           65    .bss.ms_active      systick_delay.o
    0x2000008d   0x00002a64   0x00000003   PAD
    0x20000090        -       0x00000004   Zero   RW           64    .bss.ms_elapsed     systick_delay.o
    0x20000094        -       0x00000001   Zero   RW           16    .bss.pmod_enc_btn_pressed  main.o
    0x20000095        -       0x00000001   Zero   RW           15    .bss.state          main.o
    0x20000096   0x00002a64   0x00000002   PAD
    0x20000098        -       0x00000004   Zero   RW           63    .bss.us_elapsed     systick_delay.o
    0x2000009c   0x00002a64   0x00000004   PAD
    0x200000a0        -       0x00000400   Zero   RW          265    HEAP                startup_tm4c123.o
    0x200004a0        -       0x00000800   Zero   RW          264    STACK               startup_tm4c123.o


==============================================================================

Image component sizes


      Code (inc. data)   RO Data    RW Data    ZI Data      Debug   Object Name

        64          0          0          0          4       6240   edubase_button_interrupt.o
       962          0          8          0          1      10121   edubase_lcd.o
        28          0          0          0          0       6721   gpio.o
       358          0          0         20          7       2264   main.o
        92          0          0          0          4       6385   pmod_btn_interrupt.o
       180          0          0          0          0       6108   pmod_enc.o
       280         28        620          0       3072       5508   startup_tm4c123.o
       268          0          0          0          0       6754   system_tm4c123.o
       230          0          0          0          9       1299   systick_delay.o
       218          0          0          0          4       6212   timer_0a_interrupt.o

    ----------------------------------------------------------------------
      2710         28        660         20       3112      57612   Object Totals
         0          0         32          0          0          0   (incl. Generated)
        30          0          0          0         11          0   (incl. Padding)

    ----------------------------------------------------------------------

      Code (inc. data)   RO Data    RW Data    ZI Data      Debug   Library Member Name

         8          0          0          0          0         68   __main.o
       392          4         17          0          0         92   __printf_flags_ss_wp.o
        14          0          0          0          0         68   __printf_wp.o
         0          0          0          0          0          0   __rtentry.o
        12          0          0          0          0          0   __rtentry2.o
         6          0          0          0          0          0   __rtentry4.o
        94          8          0          0          0          0   __scatter.o
        26          0          0          0          0          0   __scatter_copy.o
        28          0          0          0          0          0   __scatter_zi.o
        72          0          0          0          0         96   _c16rtomb.o
         6          0          0          0          0          0   _printf_a.o
         6          0          0          0          0          0   _printf_c.o
        44          0          0          0          0        108   _printf_char.o
        48          6          0          0          0         96   _printf_char_common.o
        40          0          0          0          0         68   _printf_charcount.o
         6          0          0          0          0          0   _printf_d.o
       120         16          0          0          0         92   _printf_dec.o
         6          0          0          0          0          0   _printf_e.o
         6          0          0          0          0          0   _printf_f.o
      1052          0          0          0          0        148   _printf_fp_dec.o
       764          8         38          0          0        100   _printf_fp_hex.o
       128         16          0          0          0         84   _printf_fp_infnan.o
         6          0          0          0          0          0   _printf_g.o
       148          4         40          0          0        160   _printf_hex_int_ll_ptr.o
         6          0          0          0          0          0   _printf_i.o
       178          0          0          0          0         88   _printf_intcommon.o
        10          0          0          0          0          0   _printf_l.o
         6          0          0          0          0          0   _printf_lc.o
        10          0          0          0          0          0   _printf_ll.o
         6          0          0          0          0          0   _printf_lld.o
         6          0          0          0          0          0   _printf_lli.o
         6          0          0          0          0          0   _printf_llo.o
         6          0          0          0          0          0   _printf_llu.o
         6          0          0          0          0          0   _printf_llx.o
       124         16          0          0          0         92   _printf_longlong_dec.o
         6          0          0          0          0          0   _printf_ls.o
         6          0          0          0          0          0   _printf_n.o
         6          0          0          0          0          0   _printf_o.o
       112          8          0          0          0        124   _printf_oct_int_ll.o
         6          0          0          0          0          0   _printf_p.o
        78          0          0          0          0        108   _printf_pad.o
         0          0          0          0          0          0   _printf_percent.o
         4          0          0          0          0          0   _printf_percent_end.o
         6          0          0          0          0          0   _printf_s.o
        82          0          0          0          0         80   _printf_str.o
        36          0          0          0          0         84   _printf_truncate.o
         6          0          0          0          0          0   _printf_u.o
        44          0          0          0          0        108   _printf_wchar.o
       188          6          8          0          0         92   _printf_wctomb.o
         6          0          0          0          0          0   _printf_x.o
        10          0          0          0          0         68   _sputc.o
       228          4        148          0          0         96   bigflt0.o
      1936        128          0          0          0        668   btod.o
        18          0          0          0          0         80   exit.o
         6          0          0          0          0        152   heapauxi.o
         0          0          0          0          0          0   indicate_semi.o
        44         10        272          0          0         76   lc_ctype_c.o
        44         10         28          0          0         76   lc_numeric_c.o
         2          0          0          0          0          0   libinit.o
        34          0          0          0          0          0   libinit2.o
         2          0          0          0          0          0   libshutdown.o
         2          0          0          0          0          0   libshutdown2.o
         8          4          0          0         96         68   libspace.o
       138          0          0          0          0         80   lludiv10.o
        16          4          0          0          0         76   rt_ctype_table.o
         8          4          0          0          0         68   rt_locale_intlibspace.o
         2          0          0          0          0          0   rtexit.o
        10          0          0          0          0          0   rtexit2.o
        44          6          0          0          0         84   sprintf.o
       124          0          0          0          0         88   strcmpv7em.o
        62          0          0          0          0         76   strlen.o
        12          4          0          0          0         68   sys_exit.o
        74          0          0          0          0         80   sys_stackheap_outer.o
         2          0          0          0          0         68   use_no_semi.o
        26          0          0          0          0        116   fpinit.o
         4          0          0          0          0        116   printf1.o
         4          0          0          0          0        116   printf2.o
         0          0          0          0          0          0   usenofp.o
        48          0          0          0          0        124   fpclassify.o

    ----------------------------------------------------------------------
      6910        266        552          0         96       4400   Library Totals
        20          0          1          0          0          0   (incl. Padding)

    ----------------------------------------------------------------------

      Code (inc. data)   RO Data    RW Data    ZI Data      Debug   Library Name

      6808        266        551          0         96       3928   c_w.l
        34          0          0          0          0        348   fz_wm.l
        48          0          0          0          0        124   m_wm.l

    ----------------------------------------------------------------------
      6910        266        552          0         96       4400   Library Totals

    ----------------------------------------------------------------------

==============================================================================


      Code (inc. data)   RO Data    RW Data    ZI Data      Debug   

      9620        294       1212         20       3208      59640   Grand Totals
      9620        294       1212         20       3208      59640   ELF Image Totals
      9620        294       1212         20          0          0   ROM Totals

==============================================================================

    Total RO  Size (Code + RO Data)                10832 (  10.58kB)
    Total RW  Size (RW Data + ZI Data)              3228 (   3.15kB)
    Total ROM Size (Code + RO Data + RW Data)      10852 (  10.60kB)

==============================================================================

